
> sports_mgmt_app-server@1.0.0 dev
> nodemon

[33m[nodemon] 3.1.11[39m
[33m[nodemon] to restart at any time, enter `rs`[39m
[33m[nodemon] watching path(s): src/**/*[39m
[33m[nodemon] watching extensions: ts,json[39m
[32m[nodemon] starting `ts-node -r tsconfig-paths/register -P tsconfig.server.json src/index.ts`[39m
📦 LOADED scheduleRoutes from: /home/dthompson/aiAssistWS/draftProAnalytics-server/src/presentation/routes/scheduleRoutes.ts
✅ Draft Pick routes registered
📦 LOADED playoffsRoutes from: /home/dthompson/aiAssistWS/draftProAnalytics-server/src/presentation/routes/playoffsRoutes.ts
Registered routes:
GET        /health
⏸️  Cron jobs disabled (ENABLE_CRON_JOBS=false)
🚀 SportsMgmt API vb0.1 up on :5000
📱 APP_ENV=development NODE_ENV=development
🔗 Health: http://localhost:5000/health
📋 API Base: http://localhost:5000/api
🌐 CORS Allowed: http://localhost:5173, http://localhost:4173, http://127.0.0.1:5173, http://127.0.0.1:4173
[2026-02-23T01:53:25.045Z] [BcryptPasswordHasher] [DEBUG] compare plain: keller05 hash: $2b$10$zLZnwejS.RAKmVwmWUpJHuAiAA7LSVO14G6XDFpC.BHf7t321LQOO
[2026-02-23T01:53:25.107Z] [JwtTokenService] [DEBUG] issueToken - refreshToken:  "eyJhbGciOiJIUzI1NiIsInR5cCI6IkpXVCJ9.eyJzdWIiOiI2IiwidG9rZW5WZXJzaW9uIjoxLCJpYXQiOjE3NzE4MTE2MDUsImV4cCI6MTc3NDQwMzYwNX0.NlnDX-Cs_zrKFhR2maOzFIrK3Tp3SkZVATF6eT0XfM4"
[2026-02-23T01:53:25.108Z] [JwtTokenService] [DEBUG] issueToken - accessToken:  "eyJhbGciOiJIUzI1NiIsInR5cCI6IkpXVCJ9.eyJzdWIiOiI2IiwidXNlck5hbWUiOiJldXNkYXJ0OTgiLCJhY3RpdmVSaWQiOjIsImlhdCI6MTc3MTgxMTYwNSwiZXhwIjoxNzcxODEyNTA1fQ.h5OPuY_bvQhvKal-2tZ052jsw5Sx8N5l4gtrqAMd0M8"
[0mPOST /api/auth/login [32m200[0m 84.066 ms - 245[0m
[2026-02-23T01:53:25.126Z] [JwtTokenService] [DEBUG] verifyAccessToken - decoded:  {
  "sub": "6",
  "userName": "eusdart98",
  "activeRid": 2,
  "iat": 1771811605,
  "exp": 1771812505
}
[2026-02-23T01:53:25.126Z] [JwtTokenService] [DEBUG] verifyAccessToken - incomingToken:  eyJhbGciOiJIUzI1NiIsInR5cCI6IkpXVCJ9.eyJzdWIiOiI2IiwidXNlck5hbWUiOiJldXNkYXJ0OTgiLCJhY3RpdmVSaWQiOjIsImlhdCI6MTc3MTgxMTYwNSwiZXhwIjoxNzcxODEyNTA1fQ.h5OPuY_bvQhvKal-2tZ052jsw5Sx8N5l4gtrqAMd0M8
[2026-02-23T01:53:25.130Z] [JwtTokenService] [DEBUG] verifyAccessToken - decoded:  {
  "sub": "6",
  "userName": "eusdart98",
  "activeRid": 2,
  "iat": 1771811605,
  "exp": 1771812505
}
[2026-02-23T01:53:25.131Z] [JwtTokenService] [DEBUG] verifyAccessToken - incomingToken:  eyJhbGciOiJIUzI1NiIsInR5cCI6IkpXVCJ9.eyJzdWIiOiI2IiwidXNlck5hbWUiOiJldXNkYXJ0OTgiLCJhY3RpdmVSaWQiOjIsImlhdCI6MTc3MTgxMTYwNSwiZXhwIjoxNzcxODEyNTA1fQ.h5OPuY_bvQhvKal-2tZ052jsw5Sx8N5l4gtrqAMd0M8
[0mGET /api/access/me [32m200[0m 61.196 ms - 1093[0m
[ComputeStandings] NFC South game: Atlanta Falcons (SOUTH) vs Carolina Panthers (SOUTH) - sameDivision: true
[ComputeStandings] NFC South game: Atlanta Falcons (SOUTH) vs Tampa Bay Buccaneers (SOUTH) - sameDivision: true
[ComputeStandings] NFC South game: Carolina Panthers (SOUTH) vs Atlanta Falcons (SOUTH) - sameDivision: true
[ComputeStandings] NFC South game: New Orleans Saints (SOUTH) vs Tampa Bay Buccaneers (SOUTH) - sameDivision: true
[ComputeStandings] NFC South game: Carolina Panthers (SOUTH) vs New Orleans Saints (SOUTH) - sameDivision: true
[ComputeStandings] NFC South game: New Orleans Saints (SOUTH) vs Atlanta Falcons (SOUTH) - sameDivision: true
[ComputeStandings] NFC South game: Tampa Bay Buccaneers (SOUTH) vs New Orleans Saints (SOUTH) - sameDivision: true
[ComputeStandings] NFC South game: Tampa Bay Buccaneers (SOUTH) vs Atlanta Falcons (SOUTH) - sameDivision: true
[ComputeStandings] NFC South game: New Orleans Saints (SOUTH) vs Carolina Panthers (SOUTH) - sameDivision: true
[ComputeStandings] NFC South game: Carolina Panthers (SOUTH) vs Tampa Bay Buccaneers (SOUTH) - sameDivision: true
[ComputeStandings] NFC South game: Atlanta Falcons (SOUTH) vs New Orleans Saints (SOUTH) - sameDivision: true
[ComputeStandings] NFC South game: Tampa Bay Buccaneers (SOUTH) vs Carolina Panthers (SOUTH) - sameDivision: true
🔍 [PlayoffSeeding] ===== computePlayoffSeeds START =====
🔍 [PlayoffSeeding] Input: 32 teams, 272 games
🔍 [PlayoffSeeding] Filtered to 272 final games
🔍 [PlayoffSeeding] AFC: Found 4 divisions
🔍 [PlayoffSeeding] AFC EAST: 4 teams - 95:14-3, 83:3-14, 94:7-10, 65:12-5
🔍 [PlayoffSeeding] AFC EAST winner: Team 95 (14-3)
🔍 [PlayoffSeeding] AFC SOUTH: 4 teams - 89:3-14, 93:12-5, 76:13-4, 75:8-9
🔍 [PlayoffSeeding] AFC SOUTH winner: Team 76 (13-4)
🔍 [PlayoffSeeding] AFC NORTH: 4 teams - 85:10-7, 68:6-11, 69:5-12, 63:8-9
🔍 [PlayoffSeeding] AFC NORTH winner: Team 85 (10-7)
🔍 [PlayoffSeeding] AFC WEST: 4 teams - 96:11-6, 72:14-3, 78:6-11, 79:3-14
🔍 [PlayoffSeeding] AFC WEST winner: Team 72 (14-3)
🔍 [PlayoffSeeding] AFC total division winners: 4
🔍 [PlayoffSeeding] NFC: Found 4 divisions
🔍 [PlayoffSeeding] NFC EAST: 4 teams - 90:5-12, 82:4-13, 84:11-6, 70:7-9
🔍 [PlayoffSeeding] NFC EAST winner: Team 84 (11-6)
🔍 [PlayoffSeeding] NFC SOUTH: 4 teams - 62:8-9, 66:8-9, 88:8-9, 92:6-11

🔍 [Tiebreaker] Breaking tie for 3 teams: [ '62(8-9)', '66(8-9)', '88(8-9)' ]
  H2H vs Tied Teams: 66=3-1-0 (0.750) vs 62=1-3-0 (0.250) = 66
  H2H vs Tied Teams: 88=2-2-0 (0.500) vs 66=3-1-0 (0.750) = 66
  H2H vs Tied Teams: 88=2-2-0 (0.500) vs 62=1-3-0 (0.250) = 88
  H2H vs Tied Teams: 88=2-2-0 (0.500) vs 66=3-1-0 (0.750) = 66
🔍 [PlayoffSeeding] NFC SOUTH winner: Team 66 (8-9)
🔍 [PlayoffSeeding] NFC NORTH: 4 teams - 80:9-8, 67:11-6, 73:9-7, 71:9-8

🔍 [Tiebreaker] Breaking tie for 2 teams: [ '80(9-8)', '71(9-8)' ]
  H2H: 71 vs 80 = 80 wins
🔍 [PlayoffSeeding] NFC NORTH winner: Team 67 (11-6)
🔍 [PlayoffSeeding] NFC WEST: 4 teams - 77:12-5, 87:14-3, 61:3-14, 86:12-5

🔍 [Tiebreaker] Breaking tie for 2 teams: [ '77(12-5)', '86(12-5)' ]
    [DivRecord] Team 86: Calculated 4-2-0 = 0.667
    [DivRecord] Team 77: Calculated 4-2-0 = 0.667
  Common Opps (10): 86=0.667 vs 77=0.750 = 77
    Common opponent IDs: [
  61, 62, 66, 75, 76,
  87, 88, 89, 92, 93
]
    Team 86 vs common: 8-4-0
    Team 77 vs common: 9-3-0
🔍 [PlayoffSeeding] NFC WEST winner: Team 87 (14-3)
🔍 [PlayoffSeeding] NFC total division winners: 4
🔍 [PlayoffSeeding] AFC winners before ordering: [ 95, 76, 85, 72 ]
🔍 [PlayoffSeeding] NFC winners before ordering: [ 84, 66, 67, 87 ]
🔍 [PlayoffSeeding] AFC winners after ordering: [ 72, 95, 76, 85 ]
🔍 [PlayoffSeeding] NFC winners after ordering: [ 87, 67, 84, 66 ]
🔍 [PlayoffSeeding] Assigning seeds 1-4...
🔍 [PlayoffSeeding] AFC Seed 1 → Team 72
🔍 [PlayoffSeeding] AFC Seed 2 → Team 95
🔍 [PlayoffSeeding] AFC Seed 3 → Team 76
🔍 [PlayoffSeeding] AFC Seed 4 → Team 85
🔍 [PlayoffSeeding] NFC Seed 1 → Team 87
🔍 [PlayoffSeeding] NFC Seed 2 → Team 67
🔍 [PlayoffSeeding] NFC Seed 3 → Team 84
🔍 [PlayoffSeeding] NFC Seed 4 → Team 66
🔍 [PlayoffSeeding] Final seeds: {
  '65': 6,
  '66': 4,
  '67': 2,
  '72': 1,
  '73': 7,
  '76': 3,
  '77': 6,
  '84': 3,
  '85': 4,
  '86': 5,
  '87': 1,
  '93': 5,
  '95': 2,
  '96': 7
}
🔍 [PlayoffSeeding] ===== computePlayoffSeeds END =====
[standings] controller HIT { year: '2025', seasonType: '2' }
[0mGET /api/standings?year=2025&seasonType=2 [32m200[0m 227.372 ms - 9483[0m
🏈 [Playoff Bracket] Generating bracket for season: { seasonYear: 2025, detectedWeek: 3, detectedRound: 'CONFERENCE' }
[PrismaStandingsRepo::computeStandings] Bbr games found: 272
[PrismaStandingsRepo] NFC South: Atlanta Falcons (div="South") vs Carolina Panthers (div="South") - sameDivision: true, score: 27-30
[PrismaStandingsRepo] NFC South: Atlanta Falcons (div="South") vs Tampa Bay Buccaneers (div="South") - sameDivision: true, score: 20-23
[PrismaStandingsRepo] NFC South: Carolina Panthers (div="South") vs Atlanta Falcons (div="South") - sameDivision: true, score: 30-0
[PrismaStandingsRepo] NFC South: New Orleans Saints (div="South") vs Tampa Bay Buccaneers (div="South") - sameDivision: true, score: 3-23
[PrismaStandingsRepo] NFC South: Carolina Panthers (div="South") vs New Orleans Saints (div="South") - sameDivision: true, score: 7-17
[PrismaStandingsRepo] NFC South: New Orleans Saints (div="South") vs Atlanta Falcons (div="South") - sameDivision: true, score: 10-24
[PrismaStandingsRepo] NFC South: Tampa Bay Buccaneers (div="South") vs New Orleans Saints (div="South") - sameDivision: true, score: 20-24
[PrismaStandingsRepo] NFC South: Tampa Bay Buccaneers (div="South") vs Atlanta Falcons (div="South") - sameDivision: true, score: 28-29
[PrismaStandingsRepo] NFC South: New Orleans Saints (div="South") vs Carolina Panthers (div="South") - sameDivision: true, score: 20-17
[PrismaStandingsRepo] NFC South: Carolina Panthers (div="South") vs Tampa Bay Buccaneers (div="South") - sameDivision: true, score: 23-20
[PrismaStandingsRepo] NFC South: Atlanta Falcons (div="South") vs New Orleans Saints (div="South") - sameDivision: true, score: 19-17
[PrismaStandingsRepo] NFC South: Tampa Bay Buccaneers (div="South") vs Carolina Panthers (div="South") - sameDivision: true, score: 16-14

[PrismaStandingsRepo] NFC South Final Division Records:
  Atlanta Falcons: 3-4 (overall: 8-9-0)
  Carolina Panthers: 3-4 (overall: 8-9-0)
  Tampa Bay Buccaneers: 4-3 (overall: 8-9-0)
  New Orleans Saints: 4-3 (overall: 6-11-0)
🏈 [PrismaGameRepo] Found 13 playoff games for 2025
   Game 1674: WILDCARD NFC-NFC -> conf=NFC
   Game 1675: WILDCARD NFC-NFC -> conf=NFC
   Game 1676: WILDCARD AFC-AFC -> conf=AFC
   Game 1677: WILDCARD NFC-NFC -> conf=NFC
   Game 1678: WILDCARD AFC-AFC -> conf=AFC
   Game 1679: WILDCARD AFC-AFC -> conf=AFC
   Game 1680: DIVISIONAL AFC-AFC -> conf=AFC
   Game 1681: DIVISIONAL NFC-NFC -> conf=NFC
   Game 1682: DIVISIONAL AFC-AFC -> conf=AFC
   Game 1683: DIVISIONAL NFC-NFC -> conf=NFC
   Game 1684: CONFERENCE AFC-AFC -> conf=AFC
   Game 1685: CONFERENCE NFC-NFC -> conf=NFC
   Game null: SUPERBOWL AFC-NFC -> conf=null
🏈 [PrismaGameRepo] Found 13 playoff games for 2025
[2026-02-23T01:53:25.845Z] [GeneratePlayoffBracketService] [DEBUG] Calling actualBuilder, rows returned: 13
[2026-02-23T01:53:25.890Z] [ActualBracketBuilder] [DEBUG] build() - calling buildGamesWithTeams
[2026-02-23T01:53:25.892Z] [ActualBracketBuilder] [DEBUG] build() - FIND AFC/NFC SEEDS
🔍 [PlayoffSeeding] ===== computePlayoffSeeds START =====
🔍 [PlayoffSeeding] Input: 16 teams, 274 games
🔍 [PlayoffSeeding] Filtered to 272 final games
🔍 [PlayoffSeeding] AFC: Found 4 divisions
🔍 [PlayoffSeeding] AFC NORTH: 4 teams - 63:8-9, 68:6-11, 69:5-12, 85:10-7
🔍 [PlayoffSeeding] AFC NORTH winner: Team 85 (10-7)
🔍 [PlayoffSeeding] AFC EAST: 4 teams - 65:12-5, 83:3-14, 94:7-10, 95:14-3
🔍 [PlayoffSeeding] AFC EAST winner: Team 95 (14-3)
🔍 [PlayoffSeeding] AFC WEST: 4 teams - 72:14-3, 78:6-11, 79:3-14, 96:11-6
🔍 [PlayoffSeeding] AFC WEST winner: Team 72 (14-3)
🔍 [PlayoffSeeding] AFC SOUTH: 4 teams - 75:8-9, 76:13-4, 89:3-14, 93:12-5
🔍 [PlayoffSeeding] AFC SOUTH winner: Team 76 (13-4)
🔍 [PlayoffSeeding] AFC total division winners: 4
🔍 [PlayoffSeeding] NFC: Found 0 divisions
🔍 [PlayoffSeeding] NFC total division winners: 0
🔍 [PlayoffSeeding] AFC winners before ordering: [ 85, 95, 72, 76 ]
🔍 [PlayoffSeeding] NFC winners before ordering: []
🔍 [PlayoffSeeding] AFC winners after ordering: [ 72, 95, 76, 85 ]
🔍 [PlayoffSeeding] NFC winners after ordering: []
🔍 [PlayoffSeeding] Assigning seeds 1-4...
🔍 [PlayoffSeeding] AFC Seed 1 → Team 72
🔍 [PlayoffSeeding] AFC Seed 2 → Team 95
🔍 [PlayoffSeeding] AFC Seed 3 → Team 76
🔍 [PlayoffSeeding] AFC Seed 4 → Team 85
🔍 [PlayoffSeeding] Final seeds: { '65': 6, '72': 1, '76': 3, '85': 4, '93': 5, '95': 2, '96': 7 }
🔍 [PlayoffSeeding] ===== computePlayoffSeeds END =====
🔍 [PlayoffSeeding] ===== computePlayoffSeeds START =====
🔍 [PlayoffSeeding] Input: 16 teams, 274 games
🔍 [PlayoffSeeding] Filtered to 272 final games
🔍 [PlayoffSeeding] AFC: Found 0 divisions
🔍 [PlayoffSeeding] AFC total division winners: 0
🔍 [PlayoffSeeding] NFC: Found 4 divisions
🔍 [PlayoffSeeding] NFC WEST: 4 teams - 61:3-14, 77:12-5, 86:12-5, 87:14-3

🔍 [Tiebreaker] Breaking tie for 2 teams: [ '77(12-5)', '86(12-5)' ]
    [DivRecord] Team 86: Calculated 4-2-0 = 0.667
    [DivRecord] Team 77: Calculated 4-2-0 = 0.667
  Common Opps (10): 86=0.667 vs 77=0.750 = 77
    Common opponent IDs: [
  61, 62, 66, 75, 76,
  87, 88, 89, 92, 93
]
    Team 86 vs common: 8-4-0
    Team 77 vs common: 9-3-0
🔍 [PlayoffSeeding] NFC WEST winner: Team 87 (14-3)
🔍 [PlayoffSeeding] NFC SOUTH: 4 teams - 62:8-9, 66:8-9, 88:8-9, 92:6-11

🔍 [Tiebreaker] Breaking tie for 3 teams: [ '62(8-9)', '66(8-9)', '88(8-9)' ]
  H2H vs Tied Teams: 66=3-1-0 (0.750) vs 62=1-3-0 (0.250) = 66
  H2H vs Tied Teams: 88=2-2-0 (0.500) vs 66=3-1-0 (0.750) = 66
  H2H vs Tied Teams: 88=2-2-0 (0.500) vs 62=1-3-0 (0.250) = 88
  H2H vs Tied Teams: 88=2-2-0 (0.500) vs 66=3-1-0 (0.750) = 66
🔍 [PlayoffSeeding] NFC SOUTH winner: Team 66 (8-9)
🔍 [PlayoffSeeding] NFC NORTH: 4 teams - 67:11-6, 71:9-8, 73:9-7, 80:9-8

🔍 [Tiebreaker] Breaking tie for 2 teams: [ '71(9-8)', '80(9-8)' ]
  H2H: 80 vs 71 = 80 wins
🔍 [PlayoffSeeding] NFC NORTH winner: Team 67 (11-6)
🔍 [PlayoffSeeding] NFC EAST: 4 teams - 70:7-9, 82:4-13, 84:11-6, 90:5-12
🔍 [PlayoffSeeding] NFC EAST winner: Team 84 (11-6)
🔍 [PlayoffSeeding] NFC total division winners: 4
🔍 [PlayoffSeeding] AFC winners before ordering: []
🔍 [PlayoffSeeding] NFC winners before ordering: [ 87, 66, 67, 84 ]
🔍 [PlayoffSeeding] AFC winners after ordering: []
🔍 [PlayoffSeeding] NFC winners after ordering: [ 87, 67, 84, 66 ]
🔍 [PlayoffSeeding] Assigning seeds 1-4...
🔍 [PlayoffSeeding] NFC Seed 1 → Team 87
🔍 [PlayoffSeeding] NFC Seed 2 → Team 67
🔍 [PlayoffSeeding] NFC Seed 3 → Team 84
🔍 [PlayoffSeeding] NFC Seed 4 → Team 66
🔍 [PlayoffSeeding] Final seeds: { '66': 4, '67': 2, '73': 7, '77': 6, '84': 3, '86': 5, '87': 1 }
🔍 [PlayoffSeeding] ===== computePlayoffSeeds END =====
[2026-02-23T01:53:25.898Z] [ActualBracketBuilder] [DEBUG] build() - build CONF round
🔍 [buildRound] Called with: {
  round: 'WILDCARD',
  conference: 'AFC',
  seasonYear: 2025,
  totalGames: 13
}
🔍 [buildRound] First game from repo: {
  id: 1674,
  playoffRound: 'WILDCARD',
  playoffConference: 'NFC',
  seasonYear: 2025,
  homeScore: 31,
  awayScore: 34
}
🔍 [buildRound] AFC WILDCARD: found 6 games
   Sample: { id: 1674, teams: '66 vs 77', score: '31-34' }
🔍 [buildRound] Called with: {
  round: 'DIVISIONAL',
  conference: 'AFC',
  seasonYear: 2025,
  totalGames: 13
}
🔍 [buildRound] First game from repo: {
  id: 1674,
  playoffRound: 'WILDCARD',
  playoffConference: 'NFC',
  seasonYear: 2025,
  homeScore: 31,
  awayScore: 34
}
🔍 [buildRound] Filter check for first game: {
  seasonYearMatch: true,
  roundMatch: false,
  expected: { round: 'DIVISIONAL', conference: 'AFC', seasonYear: 2025 },
  actual: {
    playoffRound: 'WILDCARD',
    playoffConference: 'NFC',
    seasonYear: 2025
  }
}
🔍 [buildRound] AFC DIVISIONAL: found 4 games
   Sample: { id: 1680, teams: '72 vs 65', score: '33-30' }
🔍 [buildRound] Called with: {
  round: 'CONFERENCE',
  conference: 'AFC',
  seasonYear: 2025,
  totalGames: 13
}
🔍 [buildRound] First game from repo: {
  id: 1674,
  playoffRound: 'WILDCARD',
  playoffConference: 'NFC',
  seasonYear: 2025,
  homeScore: 31,
  awayScore: 34
}
🔍 [buildRound] Filter check for first game: {
  seasonYearMatch: true,
  roundMatch: false,
  expected: { round: 'CONFERENCE', conference: 'AFC', seasonYear: 2025 },
  actual: {
    playoffRound: 'WILDCARD',
    playoffConference: 'NFC',
    seasonYear: 2025
  }
}
🔍 [buildRound] AFC CONFERENCE: found 2 games
   Sample: { id: 1684, teams: '72 vs 95', score: '7-10' }
🔍 [buildRound] Called with: {
  round: 'WILDCARD',
  conference: 'NFC',
  seasonYear: 2025,
  totalGames: 13
}
🔍 [buildRound] First game from repo: {
  id: 1674,
  playoffRound: 'WILDCARD',
  playoffConference: 'NFC',
  seasonYear: 2025,
  homeScore: 31,
  awayScore: 34
}
🔍 [buildRound] NFC WILDCARD: found 6 games
   Sample: { id: 1674, teams: '66 vs 77', score: '31-34' }
🔍 [buildRound] Called with: {
  round: 'DIVISIONAL',
  conference: 'NFC',
  seasonYear: 2025,
  totalGames: 13
}
🔍 [buildRound] First game from repo: {
  id: 1674,
  playoffRound: 'WILDCARD',
  playoffConference: 'NFC',
  seasonYear: 2025,
  homeScore: 31,
  awayScore: 34
}
🔍 [buildRound] Filter check for first game: {
  seasonYearMatch: true,
  roundMatch: false,
  expected: { round: 'DIVISIONAL', conference: 'NFC', seasonYear: 2025 },
  actual: {
    playoffRound: 'WILDCARD',
    playoffConference: 'NFC',
    seasonYear: 2025
  }
}
🔍 [buildRound] NFC DIVISIONAL: found 4 games
   Sample: { id: 1680, teams: '72 vs 65', score: '33-30' }
🔍 [buildRound] Called with: {
  round: 'CONFERENCE',
  conference: 'NFC',
  seasonYear: 2025,
  totalGames: 13
}
🔍 [buildRound] First game from repo: {
  id: 1674,
  playoffRound: 'WILDCARD',
  playoffConference: 'NFC',
  seasonYear: 2025,
  homeScore: 31,
  awayScore: 34
}
🔍 [buildRound] Filter check for first game: {
  seasonYearMatch: true,
  roundMatch: false,
  expected: { round: 'CONFERENCE', conference: 'NFC', seasonYear: 2025 },
  actual: {
    playoffRound: 'WILDCARD',
    playoffConference: 'NFC',
    seasonYear: 2025
  }
}
🔍 [buildRound] NFC CONFERENCE: found 2 games
   Sample: { id: 1684, teams: '72 vs 95', score: '7-10' }
[2026-02-23T01:53:25.901Z] [ActualBracketBuilder] [DEBUG] build() - build SUPEBOWL round
[2026-02-23T01:53:25.902Z] [ActualBracketBuilder] [DEBUG] buildSuperBowl() - entryPoint
[2026-02-23T01:53:25.902Z] [ActualBracketBuilder] [DEBUG] build() - afcRounds: [
  {
    "round": "WILDCARD",
    "conference": "AFC",
    "matchups": [
      {
        "gameId": 1674,
        "seasonYear": 2025,
        "round": "WILDCARD",
        "conference": "AFC",
        "slot": "AFC_WILDCARD_1",
        "homeTeamId": 66,
        "awayTeamId": 77,
        "homeSeed": null,
        "awaySeed": null,
        "homeScore": 31,
        "awayScore": 34,
        "winnerTeamId": 77,
        "gameDate": "2026-01-10T21:30:00.000Z"
      },
      {
        "gameId": 1675,
        "seasonYear": 2025,
        "round": "WILDCARD",
        "conference": "AFC",
        "slot": "AFC_WILDCARD_2",
        "homeTeamId": 67,
        "awayTeamId": 73,
        "homeSeed": null,
        "awaySeed": null,
        "homeScore": 31,
        "awayScore": 27,
        "winnerTeamId": 67,
        "gameDate": "2026-01-11T01:00:00.000Z"
      },
      {
        "gameId": 1676,
        "seasonYear": 2025,
        "round": "WILDCARD",
        "conference": "AFC",
        "slot": "AFC_WILDCARD_3",
        "homeTeamId": 76,
        "awayTeamId": 65,
        "homeSeed": null,
        "awaySeed": null,
        "homeScore": 24,
        "awayScore": 27,
        "winnerTeamId": 65,
        "gameDate": "2026-01-11T18:00:00.000Z"
      },
      {
        "gameId": 1677,
        "seasonYear": 2025,
        "round": "WILDCARD",
        "conference": "AFC",
        "slot": "AFC_WILDCARD_4",
        "homeTeamId": 84,
        "awayTeamId": 86,
        "homeSeed": null,
        "awaySeed": null,
        "homeScore": 19,
        "awayScore": 23,
        "winnerTeamId": 86,
        "gameDate": "2026-01-11T21:30:00.000Z"
      },
      {
        "gameId": 1678,
        "seasonYear": 2025,
        "round": "WILDCARD",
        "conference": "AFC",
        "slot": "AFC_WILDCARD_5",
        "homeTeamId": 95,
        "awayTeamId": 96,
        "homeSeed": null,
        "awaySeed": null,
        "homeScore": 16,
        "awayScore": 3,
        "winnerTeamId": 95,
        "gameDate": "2026-01-12T01:15:00.000Z"
      },
      {
        "gameId": 1679,
        "seasonYear": 2025,
        "round": "WILDCARD",
        "conference": "AFC",
        "slot": "AFC_WILDCARD_6",
        "homeTeamId": 85,
        "awayTeamId": 93,
        "homeSeed": null,
        "awaySeed": null,
        "homeScore": 6,
        "awayScore": 30,
        "winnerTeamId": 93,
        "gameDate": "2026-01-13T01:15:00.000Z"
      }
    ]
  },
  {
    "round": "DIVISIONAL",
    "conference": "AFC",
    "matchups": [
      {
        "gameId": 1680,
        "seasonYear": 2025,
        "round": "DIVISIONAL",
        "conference": "AFC",
        "slot": "AFC_DIVISIONAL_1",
        "homeTeamId": 72,
        "awayTeamId": 65,
        "homeSeed": null,
        "awaySeed": null,
        "homeScore": 33,
        "awayScore": 30,
        "winnerTeamId": 72,
        "gameDate": "2026-01-17T21:30:00.000Z"
      },
      {
        "gameId": 1681,
        "seasonYear": 2025,
        "round": "DIVISIONAL",
        "conference": "AFC",
        "slot": "AFC_DIVISIONAL_2",
        "homeTeamId": 87,
        "awayTeamId": 86,
        "homeSeed": null,
        "awaySeed": null,
        "homeScore": 41,
        "awayScore": 6,
        "winnerTeamId": 87,
        "gameDate": "2026-01-18T01:00:00.000Z"
      },
      {
        "gameId": 1682,
        "seasonYear": 2025,
        "round": "DIVISIONAL",
        "conference": "AFC",
        "slot": "AFC_DIVISIONAL_3",
        "homeTeamId": 95,
        "awayTeamId": 93,
        "homeSeed": null,
        "awaySeed": null,
        "homeScore": 28,
        "awayScore": 16,
        "winnerTeamId": 95,
        "gameDate": "2026-01-18T20:00:00.000Z"
      },
      {
        "gameId": 1683,
        "seasonYear": 2025,
        "round": "DIVISIONAL",
        "conference": "AFC",
        "slot": "AFC_DIVISIONAL_4",
        "homeTeamId": 67,
        "awayTeamId": 77,
        "homeSeed": null,
        "awaySeed": null,
        "homeScore": 17,
        "awayScore": 20,
        "winnerTeamId": 77,
        "gameDate": "2026-01-18T23:30:00.000Z"
      }
    ]
  },
  {
    "round": "CONFERENCE",
    "conference": "AFC",
    "matchups": [
      {
        "gameId": 1684,
        "seasonYear": 2025,
        "round": "CONFERENCE",
        "conference": "AFC",
        "slot": "AFC_CONFERENCE_1",
        "homeTeamId": 72,
        "awayTeamId": 95,
        "homeSeed": null,
        "awaySeed": null,
        "homeScore": 7,
        "awayScore": 10,
        "winnerTeamId": 95,
        "gameDate": "2026-01-25T20:00:00.000Z"
      },
      {
        "gameId": 1685,
        "seasonYear": 2025,
        "round": "CONFERENCE",
        "conference": "AFC",
        "slot": "AFC_CONFERENCE_2",
        "homeTeamId": 87,
        "awayTeamId": 77,
        "homeSeed": null,
        "awaySeed": null,
        "homeScore": 31,
        "awayScore": 27,
        "winnerTeamId": 87,
        "gameDate": "2026-01-25T23:30:00.000Z"
      }
    ]
  }
]
[2026-02-23T01:53:25.902Z] [ActualBracketBuilder] [DEBUG] build() - nfcRounds: [
  {
    "round": "WILDCARD",
    "conference": "NFC",
    "matchups": [
      {
        "gameId": 1674,
        "seasonYear": 2025,
        "round": "WILDCARD",
        "conference": "NFC",
        "slot": "NFC_WILDCARD_1",
        "homeTeamId": 66,
        "awayTeamId": 77,
        "homeSeed": null,
        "awaySeed": null,
        "homeScore": 31,
        "awayScore": 34,
        "winnerTeamId": 77,
        "gameDate": "2026-01-10T21:30:00.000Z"
      },
      {
        "gameId": 1675,
        "seasonYear": 2025,
        "round": "WILDCARD",
        "conference": "NFC",
        "slot": "NFC_WILDCARD_2",
        "homeTeamId": 67,
        "awayTeamId": 73,
        "homeSeed": null,
        "awaySeed": null,
        "homeScore": 31,
        "awayScore": 27,
        "winnerTeamId": 67,
        "gameDate": "2026-01-11T01:00:00.000Z"
      },
      {
        "gameId": 1676,
        "seasonYear": 2025,
        "round": "WILDCARD",
        "conference": "NFC",
        "slot": "NFC_WILDCARD_3",
        "homeTeamId": 76,
        "awayTeamId": 65,
        "homeSeed": null,
        "awaySeed": null,
        "homeScore": 24,
        "awayScore": 27,
        "winnerTeamId": 65,
        "gameDate": "2026-01-11T18:00:00.000Z"
      },
      {
        "gameId": 1677,
        "seasonYear": 2025,
        "round": "WILDCARD",
        "conference": "NFC",
        "slot": "NFC_WILDCARD_4",
        "homeTeamId": 84,
        "awayTeamId": 86,
        "homeSeed": null,
        "awaySeed": null,
        "homeScore": 19,
        "awayScore": 23,
        "winnerTeamId": 86,
        "gameDate": "2026-01-11T21:30:00.000Z"
      },
      {
        "gameId": 1678,
        "seasonYear": 2025,
        "round": "WILDCARD",
        "conference": "NFC",
        "slot": "NFC_WILDCARD_5",
        "homeTeamId": 95,
        "awayTeamId": 96,
        "homeSeed": null,
        "awaySeed": null,
        "homeScore": 16,
        "awayScore": 3,
        "winnerTeamId": 95,
        "gameDate": "2026-01-12T01:15:00.000Z"
      },
      {
        "gameId": 1679,
        "seasonYear": 2025,
        "round": "WILDCARD",
        "conference": "NFC",
        "slot": "NFC_WILDCARD_6",
        "homeTeamId": 85,
        "awayTeamId": 93,
        "homeSeed": null,
        "awaySeed": null,
        "homeScore": 6,
        "awayScore": 30,
        "winnerTeamId": 93,
        "gameDate": "2026-01-13T01:15:00.000Z"
      }
    ]
  },
  {
    "round": "DIVISIONAL",
    "conference": "NFC",
    "matchups": [
      {
        "gameId": 1680,
        "seasonYear": 2025,
        "round": "DIVISIONAL",
        "conference": "NFC",
        "slot": "NFC_DIVISIONAL_1",
        "homeTeamId": 72,
        "awayTeamId": 65,
        "homeSeed": null,
        "awaySeed": null,
        "homeScore": 33,
        "awayScore": 30,
        "winnerTeamId": 72,
        "gameDate": "2026-01-17T21:30:00.000Z"
      },
      {
        "gameId": 1681,
        "seasonYear": 2025,
        "round": "DIVISIONAL",
        "conference": "NFC",
        "slot": "NFC_DIVISIONAL_2",
        "homeTeamId": 87,
        "awayTeamId": 86,
        "homeSeed": null,
        "awaySeed": null,
        "homeScore": 41,
        "awayScore": 6,
        "winnerTeamId": 87,
        "gameDate": "2026-01-18T01:00:00.000Z"
      },
      {
        "gameId": 1682,
        "seasonYear": 2025,
        "round": "DIVISIONAL",
        "conference": "NFC",
        "slot": "NFC_DIVISIONAL_3",
        "homeTeamId": 95,
        "awayTeamId": 93,
        "homeSeed": null,
        "awaySeed": null,
        "homeScore": 28,
        "awayScore": 16,
        "winnerTeamId": 95,
        "gameDate": "2026-01-18T20:00:00.000Z"
      },
      {
        "gameId": 1683,
        "seasonYear": 2025,
        "round": "DIVISIONAL",
        "conference": "NFC",
        "slot": "NFC_DIVISIONAL_4",
        "homeTeamId": 67,
        "awayTeamId": 77,
        "homeSeed": null,
        "awaySeed": null,
        "homeScore": 17,
        "awayScore": 20,
        "winnerTeamId": 77,
        "gameDate": "2026-01-18T23:30:00.000Z"
      }
    ]
  },
  {
    "round": "CONFERENCE",
    "conference": "NFC",
    "matchups": [
      {
        "gameId": 1684,
        "seasonYear": 2025,
        "round": "CONFERENCE",
        "conference": "NFC",
        "slot": "NFC_CONFERENCE_1",
        "homeTeamId": 72,
        "awayTeamId": 95,
        "homeSeed": null,
        "awaySeed": null,
        "homeScore": 7,
        "awayScore": 10,
        "winnerTeamId": 95,
        "gameDate": "2026-01-25T20:00:00.000Z"
      },
      {
        "gameId": 1685,
        "seasonYear": 2025,
        "round": "CONFERENCE",
        "conference": "NFC",
        "slot": "NFC_CONFERENCE_2",
        "homeTeamId": 87,
        "awayTeamId": 77,
        "homeSeed": null,
        "awaySeed": null,
        "homeScore": 31,
        "awayScore": 27,
        "winnerTeamId": 87,
        "gameDate": "2026-01-25T23:30:00.000Z"
      }
    ]
  }
]
[2026-02-23T01:53:25.902Z] [ActualBracketBuilder] [DEBUG] build() - superbowl: {
  "gameId": null,
  "seasonYear": 2025,
  "round": "SUPERBOWL",
  "conference": "AFC",
  "slot": "SUPERBOWL",
  "homeTeamId": 95,
  "awayTeamId": 87,
  "homeSeed": null,
  "awaySeed": null,
  "homeScore": null,
  "awayScore": null,
  "winnerTeamId": null,
  "gameDate": null
}
📊 [Playoff Bracket] Returning 25 events, activeRound: CONFERENCE activeWeek: 3
[0mGET /api/schedules/playoffBracket?seasonYear=2025&seasonType=3&week=1 [32m200[0m 197.636 ms - 7608[0m
[32m[nodemon] restarting due to changes...[39m
[32m[nodemon] starting `ts-node -r tsconfig-paths/register -P tsconfig.server.json src/index.ts`[39m
📦 LOADED scheduleRoutes from: /home/dthompson/aiAssistWS/draftProAnalytics-server/src/presentation/routes/scheduleRoutes.ts
✅ Draft Pick routes registered
📦 LOADED playoffsRoutes from: /home/dthompson/aiAssistWS/draftProAnalytics-server/src/presentation/routes/playoffsRoutes.ts
Registered routes:
GET        /health
⏸️  Cron jobs disabled (ENABLE_CRON_JOBS=false)
🚀 SportsMgmt API vb0.1 up on :5000
📱 APP_ENV=development NODE_ENV=development
🔗 Health: http://localhost:5000/health
📋 API Base: http://localhost:5000/api
🌐 CORS Allowed: http://localhost:5173, http://localhost:4173, http://127.0.0.1:5173, http://127.0.0.1:4173
[2026-02-23T02:03:40.404Z] [BcryptPasswordHasher] [DEBUG] compare plain: keller05 hash: $2b$10$zLZnwejS.RAKmVwmWUpJHuAiAA7LSVO14G6XDFpC.BHf7t321LQOO
[2026-02-23T02:03:40.472Z] [JwtTokenService] [DEBUG] issueToken - refreshToken:  "eyJhbGciOiJIUzI1NiIsInR5cCI6IkpXVCJ9.eyJzdWIiOiI2IiwidG9rZW5WZXJzaW9uIjoxLCJpYXQiOjE3NzE4MTIyMjAsImV4cCI6MTc3NDQwNDIyMH0.JJ3fN-nwPRcrKnjAK_ZHiS3lP1bn2UD-j8UZ6tIE-mE"
[2026-02-23T02:03:40.472Z] [JwtTokenService] [DEBUG] issueToken - accessToken:  "eyJhbGciOiJIUzI1NiIsInR5cCI6IkpXVCJ9.eyJzdWIiOiI2IiwidXNlck5hbWUiOiJldXNkYXJ0OTgiLCJhY3RpdmVSaWQiOjIsImlhdCI6MTc3MTgxMjIyMCwiZXhwIjoxNzcxODEzMTIwfQ.QUUkZILZ5enlMOuaZU3Z7MwyIWBj0zEZYSt_iUtgKnA"
[0mPOST /api/auth/login [32m200[0m 94.824 ms - 245[0m
[2026-02-23T02:03:40.489Z] [JwtTokenService] [DEBUG] verifyAccessToken - decoded:  {
  "sub": "6",
  "userName": "eusdart98",
  "activeRid": 2,
  "iat": 1771812220,
  "exp": 1771813120
}
[2026-02-23T02:03:40.489Z] [JwtTokenService] [DEBUG] verifyAccessToken - incomingToken:  eyJhbGciOiJIUzI1NiIsInR5cCI6IkpXVCJ9.eyJzdWIiOiI2IiwidXNlck5hbWUiOiJldXNkYXJ0OTgiLCJhY3RpdmVSaWQiOjIsImlhdCI6MTc3MTgxMjIyMCwiZXhwIjoxNzcxODEzMTIwfQ.QUUkZILZ5enlMOuaZU3Z7MwyIWBj0zEZYSt_iUtgKnA
[2026-02-23T02:03:40.493Z] [JwtTokenService] [DEBUG] verifyAccessToken - decoded:  {
  "sub": "6",
  "userName": "eusdart98",
  "activeRid": 2,
  "iat": 1771812220,
  "exp": 1771813120
}
[2026-02-23T02:03:40.493Z] [JwtTokenService] [DEBUG] verifyAccessToken - incomingToken:  eyJhbGciOiJIUzI1NiIsInR5cCI6IkpXVCJ9.eyJzdWIiOiI2IiwidXNlck5hbWUiOiJldXNkYXJ0OTgiLCJhY3RpdmVSaWQiOjIsImlhdCI6MTc3MTgxMjIyMCwiZXhwIjoxNzcxODEzMTIwfQ.QUUkZILZ5enlMOuaZU3Z7MwyIWBj0zEZYSt_iUtgKnA
[0mGET /api/access/me [36m304[0m 22.584 ms - -[0m
[ComputeStandings] NFC South game: Atlanta Falcons (SOUTH) vs Carolina Panthers (SOUTH) - sameDivision: true
[ComputeStandings] NFC South game: Atlanta Falcons (SOUTH) vs Tampa Bay Buccaneers (SOUTH) - sameDivision: true
[ComputeStandings] NFC South game: Carolina Panthers (SOUTH) vs Atlanta Falcons (SOUTH) - sameDivision: true
[ComputeStandings] NFC South game: New Orleans Saints (SOUTH) vs Tampa Bay Buccaneers (SOUTH) - sameDivision: true
[ComputeStandings] NFC South game: Carolina Panthers (SOUTH) vs New Orleans Saints (SOUTH) - sameDivision: true
[ComputeStandings] NFC South game: New Orleans Saints (SOUTH) vs Atlanta Falcons (SOUTH) - sameDivision: true
[ComputeStandings] NFC South game: Tampa Bay Buccaneers (SOUTH) vs New Orleans Saints (SOUTH) - sameDivision: true
[ComputeStandings] NFC South game: Tampa Bay Buccaneers (SOUTH) vs Atlanta Falcons (SOUTH) - sameDivision: true
[ComputeStandings] NFC South game: New Orleans Saints (SOUTH) vs Carolina Panthers (SOUTH) - sameDivision: true
[ComputeStandings] NFC South game: Carolina Panthers (SOUTH) vs Tampa Bay Buccaneers (SOUTH) - sameDivision: true
[ComputeStandings] NFC South game: Atlanta Falcons (SOUTH) vs New Orleans Saints (SOUTH) - sameDivision: true
[ComputeStandings] NFC South game: Tampa Bay Buccaneers (SOUTH) vs Carolina Panthers (SOUTH) - sameDivision: true
🔍 [PlayoffSeeding] ===== computePlayoffSeeds START =====
🔍 [PlayoffSeeding] Input: 32 teams, 272 games
🔍 [PlayoffSeeding] Filtered to 272 final games
🔍 [PlayoffSeeding] AFC: Found 4 divisions
🔍 [PlayoffSeeding] AFC EAST: 4 teams - 95:14-3, 83:3-14, 94:7-10, 65:12-5
🔍 [PlayoffSeeding] AFC EAST winner: Team 95 (14-3)
🔍 [PlayoffSeeding] AFC SOUTH: 4 teams - 89:3-14, 93:12-5, 76:13-4, 75:8-9
🔍 [PlayoffSeeding] AFC SOUTH winner: Team 76 (13-4)
🔍 [PlayoffSeeding] AFC NORTH: 4 teams - 85:10-7, 68:6-11, 69:5-12, 63:8-9
🔍 [PlayoffSeeding] AFC NORTH winner: Team 85 (10-7)
🔍 [PlayoffSeeding] AFC WEST: 4 teams - 96:11-6, 72:14-3, 78:6-11, 79:3-14
🔍 [PlayoffSeeding] AFC WEST winner: Team 72 (14-3)
🔍 [PlayoffSeeding] AFC total division winners: 4
🔍 [PlayoffSeeding] NFC: Found 4 divisions
🔍 [PlayoffSeeding] NFC EAST: 4 teams - 90:5-12, 82:4-13, 84:11-6, 70:7-9
🔍 [PlayoffSeeding] NFC EAST winner: Team 84 (11-6)
🔍 [PlayoffSeeding] NFC SOUTH: 4 teams - 62:8-9, 66:8-9, 88:8-9, 92:6-11

🔍 [Tiebreaker] Breaking tie for 3 teams: [ '62(8-9)', '66(8-9)', '88(8-9)' ]
  H2H vs Tied Teams: 66=3-1-0 (0.750) vs 62=1-3-0 (0.250) = 66
  H2H vs Tied Teams: 88=2-2-0 (0.500) vs 66=3-1-0 (0.750) = 66
  H2H vs Tied Teams: 88=2-2-0 (0.500) vs 62=1-3-0 (0.250) = 88
  H2H vs Tied Teams: 88=2-2-0 (0.500) vs 66=3-1-0 (0.750) = 66
🔍 [PlayoffSeeding] NFC SOUTH winner: Team 66 (8-9)
🔍 [PlayoffSeeding] NFC NORTH: 4 teams - 80:9-8, 67:11-6, 73:9-7, 71:9-8

🔍 [Tiebreaker] Breaking tie for 2 teams: [ '80(9-8)', '71(9-8)' ]
  H2H: 71 vs 80 = 80 wins
🔍 [PlayoffSeeding] NFC NORTH winner: Team 67 (11-6)
🔍 [PlayoffSeeding] NFC WEST: 4 teams - 77:12-5, 87:14-3, 61:3-14, 86:12-5

🔍 [Tiebreaker] Breaking tie for 2 teams: [ '77(12-5)', '86(12-5)' ]
    [DivRecord] Team 86: Calculated 4-2-0 = 0.667
    [DivRecord] Team 77: Calculated 4-2-0 = 0.667
  Common Opps (10): 86=0.667 vs 77=0.750 = 77
    Common opponent IDs: [
  61, 62, 66, 75, 76,
  87, 88, 89, 92, 93
]
    Team 86 vs common: 8-4-0
    Team 77 vs common: 9-3-0
🔍 [PlayoffSeeding] NFC WEST winner: Team 87 (14-3)
🔍 [PlayoffSeeding] NFC total division winners: 4
🔍 [PlayoffSeeding] AFC winners before ordering: [ 95, 76, 85, 72 ]
🔍 [PlayoffSeeding] NFC winners before ordering: [ 84, 66, 67, 87 ]
🔍 [PlayoffSeeding] AFC winners after ordering: [ 72, 95, 76, 85 ]
🔍 [PlayoffSeeding] NFC winners after ordering: [ 87, 67, 84, 66 ]
🔍 [PlayoffSeeding] Assigning seeds 1-4...
🔍 [PlayoffSeeding] AFC Seed 1 → Team 72
🔍 [PlayoffSeeding] AFC Seed 2 → Team 95
🔍 [PlayoffSeeding] AFC Seed 3 → Team 76
🔍 [PlayoffSeeding] AFC Seed 4 → Team 85
🔍 [PlayoffSeeding] NFC Seed 1 → Team 87
🔍 [PlayoffSeeding] NFC Seed 2 → Team 67
🔍 [PlayoffSeeding] NFC Seed 3 → Team 84
🔍 [PlayoffSeeding] NFC Seed 4 → Team 66
🔍 [PlayoffSeeding] Final seeds: {
  '65': 6,
  '66': 4,
  '67': 2,
  '72': 1,
  '73': 7,
  '76': 3,
  '77': 6,
  '84': 3,
  '85': 4,
  '86': 5,
  '87': 1,
  '93': 5,
  '95': 2,
  '96': 7
}
🔍 [PlayoffSeeding] ===== computePlayoffSeeds END =====
[standings] controller HIT { year: '2025', seasonType: '2' }
[0mGET /api/standings?year=2025&seasonType=2 [36m304[0m 189.095 ms - -[0m
🏈 [Playoff Bracket] Generating bracket for season: { seasonYear: 2025, detectedWeek: 3, detectedRound: 'CONFERENCE' }
[PrismaStandingsRepo::computeStandings] Bbr games found: 272
[PrismaStandingsRepo] NFC South: Atlanta Falcons (div="South") vs Carolina Panthers (div="South") - sameDivision: true, score: 27-30
[PrismaStandingsRepo] NFC South: Atlanta Falcons (div="South") vs Tampa Bay Buccaneers (div="South") - sameDivision: true, score: 20-23
[PrismaStandingsRepo] NFC South: Carolina Panthers (div="South") vs Atlanta Falcons (div="South") - sameDivision: true, score: 30-0
[PrismaStandingsRepo] NFC South: New Orleans Saints (div="South") vs Tampa Bay Buccaneers (div="South") - sameDivision: true, score: 3-23
[PrismaStandingsRepo] NFC South: Carolina Panthers (div="South") vs New Orleans Saints (div="South") - sameDivision: true, score: 7-17
[PrismaStandingsRepo] NFC South: New Orleans Saints (div="South") vs Atlanta Falcons (div="South") - sameDivision: true, score: 10-24
[PrismaStandingsRepo] NFC South: Tampa Bay Buccaneers (div="South") vs New Orleans Saints (div="South") - sameDivision: true, score: 20-24
[PrismaStandingsRepo] NFC South: Tampa Bay Buccaneers (div="South") vs Atlanta Falcons (div="South") - sameDivision: true, score: 28-29
[PrismaStandingsRepo] NFC South: New Orleans Saints (div="South") vs Carolina Panthers (div="South") - sameDivision: true, score: 20-17
[PrismaStandingsRepo] NFC South: Carolina Panthers (div="South") vs Tampa Bay Buccaneers (div="South") - sameDivision: true, score: 23-20
[PrismaStandingsRepo] NFC South: Atlanta Falcons (div="South") vs New Orleans Saints (div="South") - sameDivision: true, score: 19-17
[PrismaStandingsRepo] NFC South: Tampa Bay Buccaneers (div="South") vs Carolina Panthers (div="South") - sameDivision: true, score: 16-14

[PrismaStandingsRepo] NFC South Final Division Records:
  Atlanta Falcons: 3-4 (overall: 8-9-0)
  Carolina Panthers: 3-4 (overall: 8-9-0)
  Tampa Bay Buccaneers: 4-3 (overall: 8-9-0)
  New Orleans Saints: 4-3 (overall: 6-11-0)
🏈 [PrismaGameRepo] Found 13 playoff games for 2025
   Game 1674: WILDCARD NFC-NFC -> conf=NFC
   Game 1675: WILDCARD NFC-NFC -> conf=NFC
   Game 1676: WILDCARD AFC-AFC -> conf=AFC
   Game 1677: WILDCARD NFC-NFC -> conf=NFC
   Game 1678: WILDCARD AFC-AFC -> conf=AFC
   Game 1679: WILDCARD AFC-AFC -> conf=AFC
   Game 1680: DIVISIONAL AFC-AFC -> conf=AFC
   Game 1681: DIVISIONAL NFC-NFC -> conf=NFC
   Game 1682: DIVISIONAL AFC-AFC -> conf=AFC
   Game 1683: DIVISIONAL NFC-NFC -> conf=NFC
   Game 1684: CONFERENCE AFC-AFC -> conf=AFC
   Game 1685: CONFERENCE NFC-NFC -> conf=NFC
   Game null: SUPERBOWL AFC-NFC -> conf=null
🏈 [PrismaGameRepo] Found 13 playoff games for 2025
[2026-02-23T02:03:41.067Z] [GeneratePlayoffBracketService] [DEBUG] Calling actualBuilder, rows returned: 13
[2026-02-23T02:03:41.134Z] [ActualBracketBuilder] [DEBUG] build() - calling buildGamesWithTeams
🔍 [PlayoffSeeding] ===== computePlayoffSeeds START =====
🔍 [PlayoffSeeding] Input: 32 teams, 274 games
🔍 [PlayoffSeeding] Filtered to 272 final games
🔍 [PlayoffSeeding] AFC: Found 4 divisions
🔍 [PlayoffSeeding] AFC NORTH: 4 teams - 63:8-9, 68:6-11, 69:5-12, 85:10-7
🔍 [PlayoffSeeding] AFC NORTH winner: Team 85 (10-7)
🔍 [PlayoffSeeding] AFC EAST: 4 teams - 65:12-5, 83:3-14, 94:7-10, 95:14-3
🔍 [PlayoffSeeding] AFC EAST winner: Team 95 (14-3)
🔍 [PlayoffSeeding] AFC WEST: 4 teams - 72:14-3, 78:6-11, 79:3-14, 96:11-6
🔍 [PlayoffSeeding] AFC WEST winner: Team 72 (14-3)
🔍 [PlayoffSeeding] AFC SOUTH: 4 teams - 75:8-9, 76:13-4, 89:3-14, 93:12-5
🔍 [PlayoffSeeding] AFC SOUTH winner: Team 76 (13-4)
🔍 [PlayoffSeeding] AFC total division winners: 4
🔍 [PlayoffSeeding] NFC: Found 4 divisions
🔍 [PlayoffSeeding] NFC WEST: 4 teams - 61:3-14, 77:12-5, 86:12-5, 87:14-3

🔍 [Tiebreaker] Breaking tie for 2 teams: [ '77(12-5)', '86(12-5)' ]
    [DivRecord] Team 86: Calculated 4-2-0 = 0.667
    [DivRecord] Team 77: Calculated 4-2-0 = 0.667
  Common Opps (10): 86=0.667 vs 77=0.750 = 77
    Common opponent IDs: [
  61, 62, 66, 75, 76,
  87, 88, 89, 92, 93
]
    Team 86 vs common: 8-4-0
    Team 77 vs common: 9-3-0
🔍 [PlayoffSeeding] NFC WEST winner: Team 87 (14-3)
🔍 [PlayoffSeeding] NFC SOUTH: 4 teams - 62:8-9, 66:8-9, 88:8-9, 92:6-11

🔍 [Tiebreaker] Breaking tie for 3 teams: [ '62(8-9)', '66(8-9)', '88(8-9)' ]
  H2H vs Tied Teams: 66=3-1-0 (0.750) vs 62=1-3-0 (0.250) = 66
  H2H vs Tied Teams: 88=2-2-0 (0.500) vs 66=3-1-0 (0.750) = 66
  H2H vs Tied Teams: 88=2-2-0 (0.500) vs 62=1-3-0 (0.250) = 88
  H2H vs Tied Teams: 88=2-2-0 (0.500) vs 66=3-1-0 (0.750) = 66
🔍 [PlayoffSeeding] NFC SOUTH winner: Team 66 (8-9)
🔍 [PlayoffSeeding] NFC NORTH: 4 teams - 67:11-6, 71:9-8, 73:9-7, 80:9-8

🔍 [Tiebreaker] Breaking tie for 2 teams: [ '71(9-8)', '80(9-8)' ]
  H2H: 80 vs 71 = 80 wins
🔍 [PlayoffSeeding] NFC NORTH winner: Team 67 (11-6)
🔍 [PlayoffSeeding] NFC EAST: 4 teams - 70:7-9, 82:4-13, 84:11-6, 90:5-12
🔍 [PlayoffSeeding] NFC EAST winner: Team 84 (11-6)
🔍 [PlayoffSeeding] NFC total division winners: 4
🔍 [PlayoffSeeding] AFC winners before ordering: [ 85, 95, 72, 76 ]
🔍 [PlayoffSeeding] NFC winners before ordering: [ 87, 66, 67, 84 ]
🔍 [PlayoffSeeding] AFC winners after ordering: [ 72, 95, 76, 85 ]
🔍 [PlayoffSeeding] NFC winners after ordering: [ 87, 67, 84, 66 ]
🔍 [PlayoffSeeding] Assigning seeds 1-4...
🔍 [PlayoffSeeding] AFC Seed 1 → Team 72
🔍 [PlayoffSeeding] AFC Seed 2 → Team 95
🔍 [PlayoffSeeding] AFC Seed 3 → Team 76
🔍 [PlayoffSeeding] AFC Seed 4 → Team 85
🔍 [PlayoffSeeding] NFC Seed 1 → Team 87
🔍 [PlayoffSeeding] NFC Seed 2 → Team 67
🔍 [PlayoffSeeding] NFC Seed 3 → Team 84
🔍 [PlayoffSeeding] NFC Seed 4 → Team 66
🔍 [PlayoffSeeding] Final seeds: {
  '65': 6,
  '66': 4,
  '67': 2,
  '72': 1,
  '73': 7,
  '76': 3,
  '77': 6,
  '84': 3,
  '85': 4,
  '86': 5,
  '87': 1,
  '93': 5,
  '95': 2,
  '96': 7
}
🔍 [PlayoffSeeding] ===== computePlayoffSeeds END =====
[2026-02-23T02:03:41.143Z] [ActualBracketBuilder] [DEBUG] build() - FIND AFC/NFC SEEDS
[2026-02-23T02:03:41.143Z] [ActualBracketBuilder] [DEBUG] build() - build CONF round
🔍 [buildRound] Called with: {
  round: 'WILDCARD',
  conference: 'AFC',
  seasonYear: 2025,
  totalGames: 13
}
🔍 [buildRound] First game from repo: {
  id: 1674,
  playoffRound: 'WILDCARD',
  playoffConference: 'NFC',
  seasonYear: 2025,
  homeScore: 31,
  awayScore: 34
}
🔍 [buildRound] AFC WILDCARD: found 6 games
   Sample: { id: 1674, teams: '66 vs 77', score: '31-34' }
🔍 [buildRound] Called with: {
  round: 'DIVISIONAL',
  conference: 'AFC',
  seasonYear: 2025,
  totalGames: 13
}
🔍 [buildRound] First game from repo: {
  id: 1674,
  playoffRound: 'WILDCARD',
  playoffConference: 'NFC',
  seasonYear: 2025,
  homeScore: 31,
  awayScore: 34
}
🔍 [buildRound] Filter check for first game: {
  seasonYearMatch: true,
  roundMatch: false,
  expected: { round: 'DIVISIONAL', conference: 'AFC', seasonYear: 2025 },
  actual: {
    playoffRound: 'WILDCARD',
    playoffConference: 'NFC',
    seasonYear: 2025
  }
}
🔍 [buildRound] AFC DIVISIONAL: found 4 games
   Sample: { id: 1680, teams: '72 vs 65', score: '33-30' }
🔍 [buildRound] Called with: {
  round: 'CONFERENCE',
  conference: 'AFC',
  seasonYear: 2025,
  totalGames: 13
}
🔍 [buildRound] First game from repo: {
  id: 1674,
  playoffRound: 'WILDCARD',
  playoffConference: 'NFC',
  seasonYear: 2025,
  homeScore: 31,
  awayScore: 34
}
🔍 [buildRound] Filter check for first game: {
  seasonYearMatch: true,
  roundMatch: false,
  expected: { round: 'CONFERENCE', conference: 'AFC', seasonYear: 2025 },
  actual: {
    playoffRound: 'WILDCARD',
    playoffConference: 'NFC',
    seasonYear: 2025
  }
}
🔍 [buildRound] AFC CONFERENCE: found 2 games
   Sample: { id: 1684, teams: '72 vs 95', score: '7-10' }
🔍 [buildRound] Called with: {
  round: 'WILDCARD',
  conference: 'NFC',
  seasonYear: 2025,
  totalGames: 13
}
🔍 [buildRound] First game from repo: {
  id: 1674,
  playoffRound: 'WILDCARD',
  playoffConference: 'NFC',
  seasonYear: 2025,
  homeScore: 31,
  awayScore: 34
}
🔍 [buildRound] NFC WILDCARD: found 6 games
   Sample: { id: 1674, teams: '66 vs 77', score: '31-34' }
🔍 [buildRound] Called with: {
  round: 'DIVISIONAL',
  conference: 'NFC',
  seasonYear: 2025,
  totalGames: 13
}
🔍 [buildRound] First game from repo: {
  id: 1674,
  playoffRound: 'WILDCARD',
  playoffConference: 'NFC',
  seasonYear: 2025,
  homeScore: 31,
  awayScore: 34
}
🔍 [buildRound] Filter check for first game: {
  seasonYearMatch: true,
  roundMatch: false,
  expected: { round: 'DIVISIONAL', conference: 'NFC', seasonYear: 2025 },
  actual: {
    playoffRound: 'WILDCARD',
    playoffConference: 'NFC',
    seasonYear: 2025
  }
}
🔍 [buildRound] NFC DIVISIONAL: found 4 games
   Sample: { id: 1680, teams: '72 vs 65', score: '33-30' }
🔍 [buildRound] Called with: {
  round: 'CONFERENCE',
  conference: 'NFC',
  seasonYear: 2025,
  totalGames: 13
}
🔍 [buildRound] First game from repo: {
  id: 1674,
  playoffRound: 'WILDCARD',
  playoffConference: 'NFC',
  seasonYear: 2025,
  homeScore: 31,
  awayScore: 34
}
🔍 [buildRound] Filter check for first game: {
  seasonYearMatch: true,
  roundMatch: false,
  expected: { round: 'CONFERENCE', conference: 'NFC', seasonYear: 2025 },
  actual: {
    playoffRound: 'WILDCARD',
    playoffConference: 'NFC',
    seasonYear: 2025
  }
}
🔍 [buildRound] NFC CONFERENCE: found 2 games
   Sample: { id: 1684, teams: '72 vs 95', score: '7-10' }
[2026-02-23T02:03:41.150Z] [ActualBracketBuilder] [DEBUG] build() - build SUPEBOWL round
[2026-02-23T02:03:41.150Z] [ActualBracketBuilder] [DEBUG] buildSuperBowl() - entryPoint
[2026-02-23T02:03:41.150Z] [ActualBracketBuilder] [DEBUG] build() - afcRounds: [
  {
    "round": "WILDCARD",
    "conference": "AFC",
    "matchups": [
      {
        "gameId": 1674,
        "seasonYear": 2025,
        "round": "WILDCARD",
        "conference": "AFC",
        "slot": "AFC_WILDCARD_1",
        "homeTeamId": 66,
        "awayTeamId": 77,
        "homeSeed": null,
        "awaySeed": null,
        "homeScore": 31,
        "awayScore": 34,
        "winnerTeamId": 77,
        "gameDate": "2026-01-10T21:30:00.000Z"
      },
      {
        "gameId": 1675,
        "seasonYear": 2025,
        "round": "WILDCARD",
        "conference": "AFC",
        "slot": "AFC_WILDCARD_2",
        "homeTeamId": 67,
        "awayTeamId": 73,
        "homeSeed": null,
        "awaySeed": null,
        "homeScore": 31,
        "awayScore": 27,
        "winnerTeamId": 67,
        "gameDate": "2026-01-11T01:00:00.000Z"
      },
      {
        "gameId": 1676,
        "seasonYear": 2025,
        "round": "WILDCARD",
        "conference": "AFC",
        "slot": "AFC_WILDCARD_3",
        "homeTeamId": 76,
        "awayTeamId": 65,
        "homeSeed": null,
        "awaySeed": null,
        "homeScore": 24,
        "awayScore": 27,
        "winnerTeamId": 65,
        "gameDate": "2026-01-11T18:00:00.000Z"
      },
      {
        "gameId": 1677,
        "seasonYear": 2025,
        "round": "WILDCARD",
        "conference": "AFC",
        "slot": "AFC_WILDCARD_4",
        "homeTeamId": 84,
        "awayTeamId": 86,
        "homeSeed": null,
        "awaySeed": null,
        "homeScore": 19,
        "awayScore": 23,
        "winnerTeamId": 86,
        "gameDate": "2026-01-11T21:30:00.000Z"
      },
      {
        "gameId": 1678,
        "seasonYear": 2025,
        "round": "WILDCARD",
        "conference": "AFC",
        "slot": "AFC_WILDCARD_5",
        "homeTeamId": 95,
        "awayTeamId": 96,
        "homeSeed": null,
        "awaySeed": null,
        "homeScore": 16,
        "awayScore": 3,
        "winnerTeamId": 95,
        "gameDate": "2026-01-12T01:15:00.000Z"
      },
      {
        "gameId": 1679,
        "seasonYear": 2025,
        "round": "WILDCARD",
        "conference": "AFC",
        "slot": "AFC_WILDCARD_6",
        "homeTeamId": 85,
        "awayTeamId": 93,
        "homeSeed": null,
        "awaySeed": null,
        "homeScore": 6,
        "awayScore": 30,
        "winnerTeamId": 93,
        "gameDate": "2026-01-13T01:15:00.000Z"
      }
    ]
  },
  {
    "round": "DIVISIONAL",
    "conference": "AFC",
    "matchups": [
      {
        "gameId": 1680,
        "seasonYear": 2025,
        "round": "DIVISIONAL",
        "conference": "AFC",
        "slot": "AFC_DIVISIONAL_1",
        "homeTeamId": 72,
        "awayTeamId": 65,
        "homeSeed": null,
        "awaySeed": null,
        "homeScore": 33,
        "awayScore": 30,
        "winnerTeamId": 72,
        "gameDate": "2026-01-17T21:30:00.000Z"
      },
      {
        "gameId": 1681,
        "seasonYear": 2025,
        "round": "DIVISIONAL",
        "conference": "AFC",
        "slot": "AFC_DIVISIONAL_2",
        "homeTeamId": 87,
        "awayTeamId": 86,
        "homeSeed": null,
        "awaySeed": null,
        "homeScore": 41,
        "awayScore": 6,
        "winnerTeamId": 87,
        "gameDate": "2026-01-18T01:00:00.000Z"
      },
      {
        "gameId": 1682,
        "seasonYear": 2025,
        "round": "DIVISIONAL",
        "conference": "AFC",
        "slot": "AFC_DIVISIONAL_3",
        "homeTeamId": 95,
        "awayTeamId": 93,
        "homeSeed": null,
        "awaySeed": null,
        "homeScore": 28,
        "awayScore": 16,
        "winnerTeamId": 95,
        "gameDate": "2026-01-18T20:00:00.000Z"
      },
      {
        "gameId": 1683,
        "seasonYear": 2025,
        "round": "DIVISIONAL",
        "conference": "AFC",
        "slot": "AFC_DIVISIONAL_4",
        "homeTeamId": 67,
        "awayTeamId": 77,
        "homeSeed": null,
        "awaySeed": null,
        "homeScore": 17,
        "awayScore": 20,
        "winnerTeamId": 77,
        "gameDate": "2026-01-18T23:30:00.000Z"
      }
    ]
  },
  {
    "round": "CONFERENCE",
    "conference": "AFC",
    "matchups": [
      {
        "gameId": 1684,
        "seasonYear": 2025,
        "round": "CONFERENCE",
        "conference": "AFC",
        "slot": "AFC_CONFERENCE_1",
        "homeTeamId": 72,
        "awayTeamId": 95,
        "homeSeed": null,
        "awaySeed": null,
        "homeScore": 7,
        "awayScore": 10,
        "winnerTeamId": 95,
        "gameDate": "2026-01-25T20:00:00.000Z"
      },
      {
        "gameId": 1685,
        "seasonYear": 2025,
        "round": "CONFERENCE",
        "conference": "AFC",
        "slot": "AFC_CONFERENCE_2",
        "homeTeamId": 87,
        "awayTeamId": 77,
        "homeSeed": null,
        "awaySeed": null,
        "homeScore": 31,
        "awayScore": 27,
        "winnerTeamId": 87,
        "gameDate": "2026-01-25T23:30:00.000Z"
      }
    ]
  }
]
[2026-02-23T02:03:41.150Z] [ActualBracketBuilder] [DEBUG] build() - nfcRounds: [
  {
    "round": "WILDCARD",
    "conference": "NFC",
    "matchups": [
      {
        "gameId": 1674,
        "seasonYear": 2025,
        "round": "WILDCARD",
        "conference": "NFC",
        "slot": "NFC_WILDCARD_1",
        "homeTeamId": 66,
        "awayTeamId": 77,
        "homeSeed": null,
        "awaySeed": null,
        "homeScore": 31,
        "awayScore": 34,
        "winnerTeamId": 77,
        "gameDate": "2026-01-10T21:30:00.000Z"
      },
      {
        "gameId": 1675,
        "seasonYear": 2025,
        "round": "WILDCARD",
        "conference": "NFC",
        "slot": "NFC_WILDCARD_2",
        "homeTeamId": 67,
        "awayTeamId": 73,
        "homeSeed": null,
        "awaySeed": null,
        "homeScore": 31,
        "awayScore": 27,
        "winnerTeamId": 67,
        "gameDate": "2026-01-11T01:00:00.000Z"
      },
      {
        "gameId": 1676,
        "seasonYear": 2025,
        "round": "WILDCARD",
        "conference": "NFC",
        "slot": "NFC_WILDCARD_3",
        "homeTeamId": 76,
        "awayTeamId": 65,
        "homeSeed": null,
        "awaySeed": null,
        "homeScore": 24,
        "awayScore": 27,
        "winnerTeamId": 65,
        "gameDate": "2026-01-11T18:00:00.000Z"
      },
      {
        "gameId": 1677,
        "seasonYear": 2025,
        "round": "WILDCARD",
        "conference": "NFC",
        "slot": "NFC_WILDCARD_4",
        "homeTeamId": 84,
        "awayTeamId": 86,
        "homeSeed": null,
        "awaySeed": null,
        "homeScore": 19,
        "awayScore": 23,
        "winnerTeamId": 86,
        "gameDate": "2026-01-11T21:30:00.000Z"
      },
      {
        "gameId": 1678,
        "seasonYear": 2025,
        "round": "WILDCARD",
        "conference": "NFC",
        "slot": "NFC_WILDCARD_5",
        "homeTeamId": 95,
        "awayTeamId": 96,
        "homeSeed": null,
        "awaySeed": null,
        "homeScore": 16,
        "awayScore": 3,
        "winnerTeamId": 95,
        "gameDate": "2026-01-12T01:15:00.000Z"
      },
      {
        "gameId": 1679,
        "seasonYear": 2025,
        "round": "WILDCARD",
        "conference": "NFC",
        "slot": "NFC_WILDCARD_6",
        "homeTeamId": 85,
        "awayTeamId": 93,
        "homeSeed": null,
        "awaySeed": null,
        "homeScore": 6,
        "awayScore": 30,
        "winnerTeamId": 93,
        "gameDate": "2026-01-13T01:15:00.000Z"
      }
    ]
  },
  {
    "round": "DIVISIONAL",
    "conference": "NFC",
    "matchups": [
      {
        "gameId": 1680,
        "seasonYear": 2025,
        "round": "DIVISIONAL",
        "conference": "NFC",
        "slot": "NFC_DIVISIONAL_1",
        "homeTeamId": 72,
        "awayTeamId": 65,
        "homeSeed": null,
        "awaySeed": null,
        "homeScore": 33,
        "awayScore": 30,
        "winnerTeamId": 72,
        "gameDate": "2026-01-17T21:30:00.000Z"
      },
      {
        "gameId": 1681,
        "seasonYear": 2025,
        "round": "DIVISIONAL",
        "conference": "NFC",
        "slot": "NFC_DIVISIONAL_2",
        "homeTeamId": 87,
        "awayTeamId": 86,
        "homeSeed": null,
        "awaySeed": null,
        "homeScore": 41,
        "awayScore": 6,
        "winnerTeamId": 87,
        "gameDate": "2026-01-18T01:00:00.000Z"
      },
      {
        "gameId": 1682,
        "seasonYear": 2025,
        "round": "DIVISIONAL",
        "conference": "NFC",
        "slot": "NFC_DIVISIONAL_3",
        "homeTeamId": 95,
        "awayTeamId": 93,
        "homeSeed": null,
        "awaySeed": null,
        "homeScore": 28,
        "awayScore": 16,
        "winnerTeamId": 95,
        "gameDate": "2026-01-18T20:00:00.000Z"
      },
      {
        "gameId": 1683,
        "seasonYear": 2025,
        "round": "DIVISIONAL",
        "conference": "NFC",
        "slot": "NFC_DIVISIONAL_4",
        "homeTeamId": 67,
        "awayTeamId": 77,
        "homeSeed": null,
        "awaySeed": null,
        "homeScore": 17,
        "awayScore": 20,
        "winnerTeamId": 77,
        "gameDate": "2026-01-18T23:30:00.000Z"
      }
    ]
  },
  {
    "round": "CONFERENCE",
    "conference": "NFC",
    "matchups": [
      {
        "gameId": 1684,
        "seasonYear": 2025,
        "round": "CONFERENCE",
        "conference": "NFC",
        "slot": "NFC_CONFERENCE_1",
        "homeTeamId": 72,
        "awayTeamId": 95,
        "homeSeed": null,
        "awaySeed": null,
        "homeScore": 7,
        "awayScore": 10,
        "winnerTeamId": 95,
        "gameDate": "2026-01-25T20:00:00.000Z"
      },
      {
        "gameId": 1685,
        "seasonYear": 2025,
        "round": "CONFERENCE",
        "conference": "NFC",
        "slot": "NFC_CONFERENCE_2",
        "homeTeamId": 87,
        "awayTeamId": 77,
        "homeSeed": null,
        "awaySeed": null,
        "homeScore": 31,
        "awayScore": 27,
        "winnerTeamId": 87,
        "gameDate": "2026-01-25T23:30:00.000Z"
      }
    ]
  }
]
[2026-02-23T02:03:41.150Z] [ActualBracketBuilder] [DEBUG] build() - superbowl: {
  "gameId": null,
  "seasonYear": 2025,
  "round": "SUPERBOWL",
  "conference": "AFC",
  "slot": "SUPERBOWL",
  "homeTeamId": 95,
  "awayTeamId": 87,
  "homeSeed": null,
  "awaySeed": null,
  "homeScore": null,
  "awayScore": null,
  "winnerTeamId": null,
  "gameDate": null
}
📊 [Playoff Bracket] Returning 25 events, activeRound: CONFERENCE activeWeek: 3
[0mGET /api/schedules/playoffBracket?seasonYear=2025&seasonType=3&week=1 [36m304[0m 198.685 ms - -[0m
[ComputeStandings] NFC South game: Atlanta Falcons (SOUTH) vs Carolina Panthers (SOUTH) - sameDivision: true
[ComputeStandings] NFC South game: Atlanta Falcons (SOUTH) vs Tampa Bay Buccaneers (SOUTH) - sameDivision: true
[ComputeStandings] NFC South game: Carolina Panthers (SOUTH) vs Atlanta Falcons (SOUTH) - sameDivision: true
[ComputeStandings] NFC South game: New Orleans Saints (SOUTH) vs Tampa Bay Buccaneers (SOUTH) - sameDivision: true
[ComputeStandings] NFC South game: Carolina Panthers (SOUTH) vs New Orleans Saints (SOUTH) - sameDivision: true
[ComputeStandings] NFC South game: New Orleans Saints (SOUTH) vs Atlanta Falcons (SOUTH) - sameDivision: true
[ComputeStandings] NFC South game: Tampa Bay Buccaneers (SOUTH) vs New Orleans Saints (SOUTH) - sameDivision: true
[ComputeStandings] NFC South game: Tampa Bay Buccaneers (SOUTH) vs Atlanta Falcons (SOUTH) - sameDivision: true
[ComputeStandings] NFC South game: New Orleans Saints (SOUTH) vs Carolina Panthers (SOUTH) - sameDivision: true
[ComputeStandings] NFC South game: Carolina Panthers (SOUTH) vs Tampa Bay Buccaneers (SOUTH) - sameDivision: true
[ComputeStandings] NFC South game: Atlanta Falcons (SOUTH) vs New Orleans Saints (SOUTH) - sameDivision: true
[ComputeStandings] NFC South game: Tampa Bay Buccaneers (SOUTH) vs Carolina Panthers (SOUTH) - sameDivision: true
🔍 [PlayoffSeeding] ===== computePlayoffSeeds START =====
🔍 [PlayoffSeeding] Input: 32 teams, 272 games
🔍 [PlayoffSeeding] Filtered to 272 final games
🔍 [PlayoffSeeding] AFC: Found 4 divisions
🔍 [PlayoffSeeding] AFC EAST: 4 teams - 95:14-3, 83:3-14, 94:7-10, 65:12-5
🔍 [PlayoffSeeding] AFC EAST winner: Team 95 (14-3)
🔍 [PlayoffSeeding] AFC SOUTH: 4 teams - 89:3-14, 93:12-5, 76:13-4, 75:8-9
🔍 [PlayoffSeeding] AFC SOUTH winner: Team 76 (13-4)
🔍 [PlayoffSeeding] AFC NORTH: 4 teams - 85:10-7, 68:6-11, 69:5-12, 63:8-9
🔍 [PlayoffSeeding] AFC NORTH winner: Team 85 (10-7)
🔍 [PlayoffSeeding] AFC WEST: 4 teams - 96:11-6, 72:14-3, 78:6-11, 79:3-14
🔍 [PlayoffSeeding] AFC WEST winner: Team 72 (14-3)
🔍 [PlayoffSeeding] AFC total division winners: 4
🔍 [PlayoffSeeding] NFC: Found 4 divisions
🔍 [PlayoffSeeding] NFC EAST: 4 teams - 90:5-12, 82:4-13, 84:11-6, 70:7-9
🔍 [PlayoffSeeding] NFC EAST winner: Team 84 (11-6)
🔍 [PlayoffSeeding] NFC SOUTH: 4 teams - 62:8-9, 66:8-9, 88:8-9, 92:6-11

🔍 [Tiebreaker] Breaking tie for 3 teams: [ '62(8-9)', '66(8-9)', '88(8-9)' ]
  H2H vs Tied Teams: 66=3-1-0 (0.750) vs 62=1-3-0 (0.250) = 66
  H2H vs Tied Teams: 88=2-2-0 (0.500) vs 66=3-1-0 (0.750) = 66
  H2H vs Tied Teams: 88=2-2-0 (0.500) vs 62=1-3-0 (0.250) = 88
  H2H vs Tied Teams: 88=2-2-0 (0.500) vs 66=3-1-0 (0.750) = 66
🔍 [PlayoffSeeding] NFC SOUTH winner: Team 66 (8-9)
🔍 [PlayoffSeeding] NFC NORTH: 4 teams - 80:9-8, 67:11-6, 73:9-7, 71:9-8

🔍 [Tiebreaker] Breaking tie for 2 teams: [ '80(9-8)', '71(9-8)' ]
  H2H: 71 vs 80 = 80 wins
🔍 [PlayoffSeeding] NFC NORTH winner: Team 67 (11-6)
🔍 [PlayoffSeeding] NFC WEST: 4 teams - 77:12-5, 87:14-3, 61:3-14, 86:12-5

🔍 [Tiebreaker] Breaking tie for 2 teams: [ '77(12-5)', '86(12-5)' ]
    [DivRecord] Team 86: Calculated 4-2-0 = 0.667
    [DivRecord] Team 77: Calculated 4-2-0 = 0.667
  Common Opps (10): 86=0.667 vs 77=0.750 = 77
    Common opponent IDs: [
  61, 62, 66, 75, 76,
  87, 88, 89, 92, 93
]
    Team 86 vs common: 8-4-0
    Team 77 vs common: 9-3-0
🔍 [PlayoffSeeding] NFC WEST winner: Team 87 (14-3)
🔍 [PlayoffSeeding] NFC total division winners: 4
🔍 [PlayoffSeeding] AFC winners before ordering: [ 95, 76, 85, 72 ]
🔍 [PlayoffSeeding] NFC winners before ordering: [ 84, 66, 67, 87 ]
🔍 [PlayoffSeeding] AFC winners after ordering: [ 72, 95, 76, 85 ]
🔍 [PlayoffSeeding] NFC winners after ordering: [ 87, 67, 84, 66 ]
🔍 [PlayoffSeeding] Assigning seeds 1-4...
🔍 [PlayoffSeeding] AFC Seed 1 → Team 72
🔍 [PlayoffSeeding] AFC Seed 2 → Team 95
🔍 [PlayoffSeeding] AFC Seed 3 → Team 76
🔍 [PlayoffSeeding] AFC Seed 4 → Team 85
🔍 [PlayoffSeeding] NFC Seed 1 → Team 87
🔍 [PlayoffSeeding] NFC Seed 2 → Team 67
🔍 [PlayoffSeeding] NFC Seed 3 → Team 84
🔍 [PlayoffSeeding] NFC Seed 4 → Team 66
🔍 [PlayoffSeeding] Final seeds: {
  '65': 6,
  '66': 4,
  '67': 2,
  '72': 1,
  '73': 7,
  '76': 3,
  '77': 6,
  '84': 3,
  '85': 4,
  '86': 5,
  '87': 1,
  '93': 5,
  '95': 2,
  '96': 7
}
🔍 [PlayoffSeeding] ===== computePlayoffSeeds END =====
[standings] controller HIT { year: '2025', seasonType: '2' }
[0mGET /api/standings?year=2025&seasonType=2 [32m200[0m 75.431 ms - 9483[0m
🏈 [Playoff Bracket] Generating bracket for season: { seasonYear: 2025, detectedWeek: 3, detectedRound: 'CONFERENCE' }
[PrismaStandingsRepo::computeStandings] Bbr games found: 272
[PrismaStandingsRepo] NFC South: Atlanta Falcons (div="South") vs Carolina Panthers (div="South") - sameDivision: true, score: 27-30
[PrismaStandingsRepo] NFC South: Atlanta Falcons (div="South") vs Tampa Bay Buccaneers (div="South") - sameDivision: true, score: 20-23
[PrismaStandingsRepo] NFC South: Carolina Panthers (div="South") vs Atlanta Falcons (div="South") - sameDivision: true, score: 30-0
[PrismaStandingsRepo] NFC South: New Orleans Saints (div="South") vs Tampa Bay Buccaneers (div="South") - sameDivision: true, score: 3-23
[PrismaStandingsRepo] NFC South: Carolina Panthers (div="South") vs New Orleans Saints (div="South") - sameDivision: true, score: 7-17
[PrismaStandingsRepo] NFC South: New Orleans Saints (div="South") vs Atlanta Falcons (div="South") - sameDivision: true, score: 10-24
[PrismaStandingsRepo] NFC South: Tampa Bay Buccaneers (div="South") vs New Orleans Saints (div="South") - sameDivision: true, score: 20-24
[PrismaStandingsRepo] NFC South: Tampa Bay Buccaneers (div="South") vs Atlanta Falcons (div="South") - sameDivision: true, score: 28-29
[PrismaStandingsRepo] NFC South: New Orleans Saints (div="South") vs Carolina Panthers (div="South") - sameDivision: true, score: 20-17
[PrismaStandingsRepo] NFC South: Carolina Panthers (div="South") vs Tampa Bay Buccaneers (div="South") - sameDivision: true, score: 23-20
[PrismaStandingsRepo] NFC South: Atlanta Falcons (div="South") vs New Orleans Saints (div="South") - sameDivision: true, score: 19-17
[PrismaStandingsRepo] NFC South: Tampa Bay Buccaneers (div="South") vs Carolina Panthers (div="South") - sameDivision: true, score: 16-14

[PrismaStandingsRepo] NFC South Final Division Records:
  Atlanta Falcons: 3-4 (overall: 8-9-0)
  Carolina Panthers: 3-4 (overall: 8-9-0)
  Tampa Bay Buccaneers: 4-3 (overall: 8-9-0)
  New Orleans Saints: 4-3 (overall: 6-11-0)
🏈 [PrismaGameRepo] Found 13 playoff games for 2025
   Game 1674: WILDCARD NFC-NFC -> conf=NFC
   Game 1675: WILDCARD NFC-NFC -> conf=NFC
   Game 1676: WILDCARD AFC-AFC -> conf=AFC
   Game 1677: WILDCARD NFC-NFC -> conf=NFC
   Game 1678: WILDCARD AFC-AFC -> conf=AFC
   Game 1679: WILDCARD AFC-AFC -> conf=AFC
   Game 1680: DIVISIONAL AFC-AFC -> conf=AFC
   Game 1681: DIVISIONAL NFC-NFC -> conf=NFC
   Game 1682: DIVISIONAL AFC-AFC -> conf=AFC
   Game 1683: DIVISIONAL NFC-NFC -> conf=NFC
   Game 1684: CONFERENCE AFC-AFC -> conf=AFC
   Game 1685: CONFERENCE NFC-NFC -> conf=NFC
   Game null: SUPERBOWL AFC-NFC -> conf=null
🏈 [PrismaGameRepo] Found 13 playoff games for 2025
[2026-02-23T02:03:49.960Z] [GeneratePlayoffBracketService] [DEBUG] Calling actualBuilder, rows returned: 13
[2026-02-23T02:03:49.986Z] [ActualBracketBuilder] [DEBUG] build() - calling buildGamesWithTeams
🔍 [PlayoffSeeding] ===== computePlayoffSeeds START =====
🔍 [PlayoffSeeding] Input: 32 teams, 274 games
🔍 [PlayoffSeeding] Filtered to 272 final games
🔍 [PlayoffSeeding] AFC: Found 4 divisions
🔍 [PlayoffSeeding] AFC NORTH: 4 teams - 63:8-9, 68:6-11, 69:5-12, 85:10-7
🔍 [PlayoffSeeding] AFC NORTH winner: Team 85 (10-7)
🔍 [PlayoffSeeding] AFC EAST: 4 teams - 65:12-5, 83:3-14, 94:7-10, 95:14-3
🔍 [PlayoffSeeding] AFC EAST winner: Team 95 (14-3)
🔍 [PlayoffSeeding] AFC WEST: 4 teams - 72:14-3, 78:6-11, 79:3-14, 96:11-6
🔍 [PlayoffSeeding] AFC WEST winner: Team 72 (14-3)
🔍 [PlayoffSeeding] AFC SOUTH: 4 teams - 75:8-9, 76:13-4, 89:3-14, 93:12-5
🔍 [PlayoffSeeding] AFC SOUTH winner: Team 76 (13-4)
🔍 [PlayoffSeeding] AFC total division winners: 4
🔍 [PlayoffSeeding] NFC: Found 4 divisions
🔍 [PlayoffSeeding] NFC WEST: 4 teams - 61:3-14, 77:12-5, 86:12-5, 87:14-3

🔍 [Tiebreaker] Breaking tie for 2 teams: [ '77(12-5)', '86(12-5)' ]
    [DivRecord] Team 86: Calculated 4-2-0 = 0.667
    [DivRecord] Team 77: Calculated 4-2-0 = 0.667
  Common Opps (10): 86=0.667 vs 77=0.750 = 77
    Common opponent IDs: [
  61, 62, 66, 75, 76,
  87, 88, 89, 92, 93
]
    Team 86 vs common: 8-4-0
    Team 77 vs common: 9-3-0
🔍 [PlayoffSeeding] NFC WEST winner: Team 87 (14-3)
🔍 [PlayoffSeeding] NFC SOUTH: 4 teams - 62:8-9, 66:8-9, 88:8-9, 92:6-11

🔍 [Tiebreaker] Breaking tie for 3 teams: [ '62(8-9)', '66(8-9)', '88(8-9)' ]
  H2H vs Tied Teams: 66=3-1-0 (0.750) vs 62=1-3-0 (0.250) = 66
  H2H vs Tied Teams: 88=2-2-0 (0.500) vs 66=3-1-0 (0.750) = 66
  H2H vs Tied Teams: 88=2-2-0 (0.500) vs 62=1-3-0 (0.250) = 88
  H2H vs Tied Teams: 88=2-2-0 (0.500) vs 66=3-1-0 (0.750) = 66
🔍 [PlayoffSeeding] NFC SOUTH winner: Team 66 (8-9)
🔍 [PlayoffSeeding] NFC NORTH: 4 teams - 67:11-6, 71:9-8, 73:9-7, 80:9-8

🔍 [Tiebreaker] Breaking tie for 2 teams: [ '71(9-8)', '80(9-8)' ]
  H2H: 80 vs 71 = 80 wins
🔍 [PlayoffSeeding] NFC NORTH winner: Team 67 (11-6)
🔍 [PlayoffSeeding] NFC EAST: 4 teams - 70:7-9, 82:4-13, 84:11-6, 90:5-12
🔍 [PlayoffSeeding] NFC EAST winner: Team 84 (11-6)
🔍 [PlayoffSeeding] NFC total division winners: 4
🔍 [PlayoffSeeding] AFC winners before ordering: [ 85, 95, 72, 76 ]
🔍 [PlayoffSeeding] NFC winners before ordering: [ 87, 66, 67, 84 ]
🔍 [PlayoffSeeding] AFC winners after ordering: [ 72, 95, 76, 85 ]
🔍 [PlayoffSeeding] NFC winners after ordering: [ 87, 67, 84, 66 ]
🔍 [PlayoffSeeding] Assigning seeds 1-4...
🔍 [PlayoffSeeding] AFC Seed 1 → Team 72
🔍 [PlayoffSeeding] AFC Seed 2 → Team 95
🔍 [PlayoffSeeding] AFC Seed 3 → Team 76
🔍 [PlayoffSeeding] AFC Seed 4 → Team 85
🔍 [PlayoffSeeding] NFC Seed 1 → Team 87
🔍 [PlayoffSeeding] NFC Seed 2 → Team 67
🔍 [PlayoffSeeding] NFC Seed 3 → Team 84
🔍 [PlayoffSeeding] NFC Seed 4 → Team 66
🔍 [PlayoffSeeding] Final seeds: {
  '65': 6,
  '66': 4,
  '67': 2,
  '72': 1,
  '73': 7,
  '76': 3,
  '77': 6,
  '84': 3,
  '85': 4,
  '86': 5,
  '87': 1,
  '93': 5,
  '95': 2,
  '96': 7
}
🔍 [PlayoffSeeding] ===== computePlayoffSeeds END =====
[2026-02-23T02:03:49.994Z] [ActualBracketBuilder] [DEBUG] build() - FIND AFC/NFC SEEDS
[2026-02-23T02:03:49.994Z] [ActualBracketBuilder] [DEBUG] build() - build CONF round
🔍 [buildRound] Called with: {
  round: 'WILDCARD',
  conference: 'AFC',
  seasonYear: 2025,
  totalGames: 13
}
🔍 [buildRound] First game from repo: {
  id: 1674,
  playoffRound: 'WILDCARD',
  playoffConference: 'NFC',
  seasonYear: 2025,
  homeScore: 31,
  awayScore: 34
}
🔍 [buildRound] AFC WILDCARD: found 6 games
   Sample: { id: 1674, teams: '66 vs 77', score: '31-34' }
🔍 [buildRound] Called with: {
  round: 'DIVISIONAL',
  conference: 'AFC',
  seasonYear: 2025,
  totalGames: 13
}
🔍 [buildRound] First game from repo: {
  id: 1674,
  playoffRound: 'WILDCARD',
  playoffConference: 'NFC',
  seasonYear: 2025,
  homeScore: 31,
  awayScore: 34
}
🔍 [buildRound] Filter check for first game: {
  seasonYearMatch: true,
  roundMatch: false,
  expected: { round: 'DIVISIONAL', conference: 'AFC', seasonYear: 2025 },
  actual: {
    playoffRound: 'WILDCARD',
    playoffConference: 'NFC',
    seasonYear: 2025
  }
}
🔍 [buildRound] AFC DIVISIONAL: found 4 games
   Sample: { id: 1680, teams: '72 vs 65', score: '33-30' }
🔍 [buildRound] Called with: {
  round: 'CONFERENCE',
  conference: 'AFC',
  seasonYear: 2025,
  totalGames: 13
}
🔍 [buildRound] First game from repo: {
  id: 1674,
  playoffRound: 'WILDCARD',
  playoffConference: 'NFC',
  seasonYear: 2025,
  homeScore: 31,
  awayScore: 34
}
🔍 [buildRound] Filter check for first game: {
  seasonYearMatch: true,
  roundMatch: false,
  expected: { round: 'CONFERENCE', conference: 'AFC', seasonYear: 2025 },
  actual: {
    playoffRound: 'WILDCARD',
    playoffConference: 'NFC',
    seasonYear: 2025
  }
}
🔍 [buildRound] AFC CONFERENCE: found 2 games
   Sample: { id: 1684, teams: '72 vs 95', score: '7-10' }
🔍 [buildRound] Called with: {
  round: 'WILDCARD',
  conference: 'NFC',
  seasonYear: 2025,
  totalGames: 13
}
🔍 [buildRound] First game from repo: {
  id: 1674,
  playoffRound: 'WILDCARD',
  playoffConference: 'NFC',
  seasonYear: 2025,
  homeScore: 31,
  awayScore: 34
}
🔍 [buildRound] NFC WILDCARD: found 6 games
   Sample: { id: 1674, teams: '66 vs 77', score: '31-34' }
🔍 [buildRound] Called with: {
  round: 'DIVISIONAL',
  conference: 'NFC',
  seasonYear: 2025,
  totalGames: 13
}
🔍 [buildRound] First game from repo: {
  id: 1674,
  playoffRound: 'WILDCARD',
  playoffConference: 'NFC',
  seasonYear: 2025,
  homeScore: 31,
  awayScore: 34
}
🔍 [buildRound] Filter check for first game: {
  seasonYearMatch: true,
  roundMatch: false,
  expected: { round: 'DIVISIONAL', conference: 'NFC', seasonYear: 2025 },
  actual: {
    playoffRound: 'WILDCARD',
    playoffConference: 'NFC',
    seasonYear: 2025
  }
}
🔍 [buildRound] NFC DIVISIONAL: found 4 games
   Sample: { id: 1680, teams: '72 vs 65', score: '33-30' }
🔍 [buildRound] Called with: {
  round: 'CONFERENCE',
  conference: 'NFC',
  seasonYear: 2025,
  totalGames: 13
}
🔍 [buildRound] First game from repo: {
  id: 1674,
  playoffRound: 'WILDCARD',
  playoffConference: 'NFC',
  seasonYear: 2025,
  homeScore: 31,
  awayScore: 34
}
🔍 [buildRound] Filter check for first game: {
  seasonYearMatch: true,
  roundMatch: false,
  expected: { round: 'CONFERENCE', conference: 'NFC', seasonYear: 2025 },
  actual: {
    playoffRound: 'WILDCARD',
    playoffConference: 'NFC',
    seasonYear: 2025
  }
}
🔍 [buildRound] NFC CONFERENCE: found 2 games
   Sample: { id: 1684, teams: '72 vs 95', score: '7-10' }
[2026-02-23T02:03:49.996Z] [ActualBracketBuilder] [DEBUG] build() - build SUPEBOWL round
[2026-02-23T02:03:49.996Z] [ActualBracketBuilder] [DEBUG] buildSuperBowl() - entryPoint
[2026-02-23T02:03:49.996Z] [ActualBracketBuilder] [DEBUG] build() - afcRounds: [
  {
    "round": "WILDCARD",
    "conference": "AFC",
    "matchups": [
      {
        "gameId": 1674,
        "seasonYear": 2025,
        "round": "WILDCARD",
        "conference": "AFC",
        "slot": "AFC_WILDCARD_1",
        "homeTeamId": 66,
        "awayTeamId": 77,
        "homeSeed": null,
        "awaySeed": null,
        "homeScore": 31,
        "awayScore": 34,
        "winnerTeamId": 77,
        "gameDate": "2026-01-10T21:30:00.000Z"
      },
      {
        "gameId": 1675,
        "seasonYear": 2025,
        "round": "WILDCARD",
        "conference": "AFC",
        "slot": "AFC_WILDCARD_2",
        "homeTeamId": 67,
        "awayTeamId": 73,
        "homeSeed": null,
        "awaySeed": null,
        "homeScore": 31,
        "awayScore": 27,
        "winnerTeamId": 67,
        "gameDate": "2026-01-11T01:00:00.000Z"
      },
      {
        "gameId": 1676,
        "seasonYear": 2025,
        "round": "WILDCARD",
        "conference": "AFC",
        "slot": "AFC_WILDCARD_3",
        "homeTeamId": 76,
        "awayTeamId": 65,
        "homeSeed": null,
        "awaySeed": null,
        "homeScore": 24,
        "awayScore": 27,
        "winnerTeamId": 65,
        "gameDate": "2026-01-11T18:00:00.000Z"
      },
      {
        "gameId": 1677,
        "seasonYear": 2025,
        "round": "WILDCARD",
        "conference": "AFC",
        "slot": "AFC_WILDCARD_4",
        "homeTeamId": 84,
        "awayTeamId": 86,
        "homeSeed": null,
        "awaySeed": null,
        "homeScore": 19,
        "awayScore": 23,
        "winnerTeamId": 86,
        "gameDate": "2026-01-11T21:30:00.000Z"
      },
      {
        "gameId": 1678,
        "seasonYear": 2025,
        "round": "WILDCARD",
        "conference": "AFC",
        "slot": "AFC_WILDCARD_5",
        "homeTeamId": 95,
        "awayTeamId": 96,
        "homeSeed": null,
        "awaySeed": null,
        "homeScore": 16,
        "awayScore": 3,
        "winnerTeamId": 95,
        "gameDate": "2026-01-12T01:15:00.000Z"
      },
      {
        "gameId": 1679,
        "seasonYear": 2025,
        "round": "WILDCARD",
        "conference": "AFC",
        "slot": "AFC_WILDCARD_6",
        "homeTeamId": 85,
        "awayTeamId": 93,
        "homeSeed": null,
        "awaySeed": null,
        "homeScore": 6,
        "awayScore": 30,
        "winnerTeamId": 93,
        "gameDate": "2026-01-13T01:15:00.000Z"
      }
    ]
  },
  {
    "round": "DIVISIONAL",
    "conference": "AFC",
    "matchups": [
      {
        "gameId": 1680,
        "seasonYear": 2025,
        "round": "DIVISIONAL",
        "conference": "AFC",
        "slot": "AFC_DIVISIONAL_1",
        "homeTeamId": 72,
        "awayTeamId": 65,
        "homeSeed": null,
        "awaySeed": null,
        "homeScore": 33,
        "awayScore": 30,
        "winnerTeamId": 72,
        "gameDate": "2026-01-17T21:30:00.000Z"
      },
      {
        "gameId": 1681,
        "seasonYear": 2025,
        "round": "DIVISIONAL",
        "conference": "AFC",
        "slot": "AFC_DIVISIONAL_2",
        "homeTeamId": 87,
        "awayTeamId": 86,
        "homeSeed": null,
        "awaySeed": null,
        "homeScore": 41,
        "awayScore": 6,
        "winnerTeamId": 87,
        "gameDate": "2026-01-18T01:00:00.000Z"
      },
      {
        "gameId": 1682,
        "seasonYear": 2025,
        "round": "DIVISIONAL",
        "conference": "AFC",
        "slot": "AFC_DIVISIONAL_3",
        "homeTeamId": 95,
        "awayTeamId": 93,
        "homeSeed": null,
        "awaySeed": null,
        "homeScore": 28,
        "awayScore": 16,
        "winnerTeamId": 95,
        "gameDate": "2026-01-18T20:00:00.000Z"
      },
      {
        "gameId": 1683,
        "seasonYear": 2025,
        "round": "DIVISIONAL",
        "conference": "AFC",
        "slot": "AFC_DIVISIONAL_4",
        "homeTeamId": 67,
        "awayTeamId": 77,
        "homeSeed": null,
        "awaySeed": null,
        "homeScore": 17,
        "awayScore": 20,
        "winnerTeamId": 77,
        "gameDate": "2026-01-18T23:30:00.000Z"
      }
    ]
  },
  {
    "round": "CONFERENCE",
    "conference": "AFC",
    "matchups": [
      {
        "gameId": 1684,
        "seasonYear": 2025,
        "round": "CONFERENCE",
        "conference": "AFC",
        "slot": "AFC_CONFERENCE_1",
        "homeTeamId": 72,
        "awayTeamId": 95,
        "homeSeed": null,
        "awaySeed": null,
        "homeScore": 7,
        "awayScore": 10,
        "winnerTeamId": 95,
        "gameDate": "2026-01-25T20:00:00.000Z"
      },
      {
        "gameId": 1685,
        "seasonYear": 2025,
        "round": "CONFERENCE",
        "conference": "AFC",
        "slot": "AFC_CONFERENCE_2",
        "homeTeamId": 87,
        "awayTeamId": 77,
        "homeSeed": null,
        "awaySeed": null,
        "homeScore": 31,
        "awayScore": 27,
        "winnerTeamId": 87,
        "gameDate": "2026-01-25T23:30:00.000Z"
      }
    ]
  }
]
[2026-02-23T02:03:49.996Z] [ActualBracketBuilder] [DEBUG] build() - nfcRounds: [
  {
    "round": "WILDCARD",
    "conference": "NFC",
    "matchups": [
      {
        "gameId": 1674,
        "seasonYear": 2025,
        "round": "WILDCARD",
        "conference": "NFC",
        "slot": "NFC_WILDCARD_1",
        "homeTeamId": 66,
        "awayTeamId": 77,
        "homeSeed": null,
        "awaySeed": null,
        "homeScore": 31,
        "awayScore": 34,
        "winnerTeamId": 77,
        "gameDate": "2026-01-10T21:30:00.000Z"
      },
      {
        "gameId": 1675,
        "seasonYear": 2025,
        "round": "WILDCARD",
        "conference": "NFC",
        "slot": "NFC_WILDCARD_2",
        "homeTeamId": 67,
        "awayTeamId": 73,
        "homeSeed": null,
        "awaySeed": null,
        "homeScore": 31,
        "awayScore": 27,
        "winnerTeamId": 67,
        "gameDate": "2026-01-11T01:00:00.000Z"
      },
      {
        "gameId": 1676,
        "seasonYear": 2025,
        "round": "WILDCARD",
        "conference": "NFC",
        "slot": "NFC_WILDCARD_3",
        "homeTeamId": 76,
        "awayTeamId": 65,
        "homeSeed": null,
        "awaySeed": null,
        "homeScore": 24,
        "awayScore": 27,
        "winnerTeamId": 65,
        "gameDate": "2026-01-11T18:00:00.000Z"
      },
      {
        "gameId": 1677,
        "seasonYear": 2025,
        "round": "WILDCARD",
        "conference": "NFC",
        "slot": "NFC_WILDCARD_4",
        "homeTeamId": 84,
        "awayTeamId": 86,
        "homeSeed": null,
        "awaySeed": null,
        "homeScore": 19,
        "awayScore": 23,
        "winnerTeamId": 86,
        "gameDate": "2026-01-11T21:30:00.000Z"
      },
      {
        "gameId": 1678,
        "seasonYear": 2025,
        "round": "WILDCARD",
        "conference": "NFC",
        "slot": "NFC_WILDCARD_5",
        "homeTeamId": 95,
        "awayTeamId": 96,
        "homeSeed": null,
        "awaySeed": null,
        "homeScore": 16,
        "awayScore": 3,
        "winnerTeamId": 95,
        "gameDate": "2026-01-12T01:15:00.000Z"
      },
      {
        "gameId": 1679,
        "seasonYear": 2025,
        "round": "WILDCARD",
        "conference": "NFC",
        "slot": "NFC_WILDCARD_6",
        "homeTeamId": 85,
        "awayTeamId": 93,
        "homeSeed": null,
        "awaySeed": null,
        "homeScore": 6,
        "awayScore": 30,
        "winnerTeamId": 93,
        "gameDate": "2026-01-13T01:15:00.000Z"
      }
    ]
  },
  {
    "round": "DIVISIONAL",
    "conference": "NFC",
    "matchups": [
      {
        "gameId": 1680,
        "seasonYear": 2025,
        "round": "DIVISIONAL",
        "conference": "NFC",
        "slot": "NFC_DIVISIONAL_1",
        "homeTeamId": 72,
        "awayTeamId": 65,
        "homeSeed": null,
        "awaySeed": null,
        "homeScore": 33,
        "awayScore": 30,
        "winnerTeamId": 72,
        "gameDate": "2026-01-17T21:30:00.000Z"
      },
      {
        "gameId": 1681,
        "seasonYear": 2025,
        "round": "DIVISIONAL",
        "conference": "NFC",
        "slot": "NFC_DIVISIONAL_2",
        "homeTeamId": 87,
        "awayTeamId": 86,
        "homeSeed": null,
        "awaySeed": null,
        "homeScore": 41,
        "awayScore": 6,
        "winnerTeamId": 87,
        "gameDate": "2026-01-18T01:00:00.000Z"
      },
      {
        "gameId": 1682,
        "seasonYear": 2025,
        "round": "DIVISIONAL",
        "conference": "NFC",
        "slot": "NFC_DIVISIONAL_3",
        "homeTeamId": 95,
        "awayTeamId": 93,
        "homeSeed": null,
        "awaySeed": null,
        "homeScore": 28,
        "awayScore": 16,
        "winnerTeamId": 95,
        "gameDate": "2026-01-18T20:00:00.000Z"
      },
      {
        "gameId": 1683,
        "seasonYear": 2025,
        "round": "DIVISIONAL",
        "conference": "NFC",
        "slot": "NFC_DIVISIONAL_4",
        "homeTeamId": 67,
        "awayTeamId": 77,
        "homeSeed": null,
        "awaySeed": null,
        "homeScore": 17,
        "awayScore": 20,
        "winnerTeamId": 77,
        "gameDate": "2026-01-18T23:30:00.000Z"
      }
    ]
  },
  {
    "round": "CONFERENCE",
    "conference": "NFC",
    "matchups": [
      {
        "gameId": 1684,
        "seasonYear": 2025,
        "round": "CONFERENCE",
        "conference": "NFC",
        "slot": "NFC_CONFERENCE_1",
        "homeTeamId": 72,
        "awayTeamId": 95,
        "homeSeed": null,
        "awaySeed": null,
        "homeScore": 7,
        "awayScore": 10,
        "winnerTeamId": 95,
        "gameDate": "2026-01-25T20:00:00.000Z"
      },
      {
        "gameId": 1685,
        "seasonYear": 2025,
        "round": "CONFERENCE",
        "conference": "NFC",
        "slot": "NFC_CONFERENCE_2",
        "homeTeamId": 87,
        "awayTeamId": 77,
        "homeSeed": null,
        "awaySeed": null,
        "homeScore": 31,
        "awayScore": 27,
        "winnerTeamId": 87,
        "gameDate": "2026-01-25T23:30:00.000Z"
      }
    ]
  }
]
[2026-02-23T02:03:49.996Z] [ActualBracketBuilder] [DEBUG] build() - superbowl: {
  "gameId": null,
  "seasonYear": 2025,
  "round": "SUPERBOWL",
  "conference": "AFC",
  "slot": "SUPERBOWL",
  "homeTeamId": 95,
  "awayTeamId": 87,
  "homeSeed": null,
  "awaySeed": null,
  "homeScore": null,
  "awayScore": null,
  "winnerTeamId": null,
  "gameDate": null
}
📊 [Playoff Bracket] Returning 25 events, activeRound: CONFERENCE activeWeek: 3
[0mGET /api/schedules/playoffBracket?seasonYear=2025&seasonType=3&week=1 [32m200[0m 88.490 ms - 7608[0m

SIGINT received. Shutting down...
[32m[nodemon] still waiting for 1 sub-process to finish...[39m
